Component: ARM Compiler 6.13.1 Tool: armlink [5d895400]

==============================================================================

Section Cross References

    startup_stm32f103xb.o(STACK) refers (Special) to heapauxi.o(.text) for __use_two_region_memory
    startup_stm32f103xb.o(HEAP) refers (Special) to heapauxi.o(.text) for __use_two_region_memory
    startup_stm32f103xb.o(RESET) refers (Special) to heapauxi.o(.text) for __use_two_region_memory
    startup_stm32f103xb.o(RESET) refers to startup_stm32f103xb.o(STACK) for __initial_sp
    startup_stm32f103xb.o(RESET) refers to startup_stm32f103xb.o(.text) for Reset_Handler
    startup_stm32f103xb.o(RESET) refers to stm32f1xx_it.o(.text.NMI_Handler) for NMI_Handler
    startup_stm32f103xb.o(RESET) refers to stm32f1xx_it.o(.text.HardFault_Handler) for HardFault_Handler
    startup_stm32f103xb.o(RESET) refers to stm32f1xx_it.o(.text.MemManage_Handler) for MemManage_Handler
    startup_stm32f103xb.o(RESET) refers to stm32f1xx_it.o(.text.BusFault_Handler) for BusFault_Handler
    startup_stm32f103xb.o(RESET) refers to stm32f1xx_it.o(.text.UsageFault_Handler) for UsageFault_Handler
    startup_stm32f103xb.o(RESET) refers to stm32f1xx_it.o(.text.SVC_Handler) for SVC_Handler
    startup_stm32f103xb.o(RESET) refers to stm32f1xx_it.o(.text.DebugMon_Handler) for DebugMon_Handler
    startup_stm32f103xb.o(RESET) refers to stm32f1xx_it.o(.text.PendSV_Handler) for PendSV_Handler
    startup_stm32f103xb.o(RESET) refers to stm32f1xx_it.o(.text.SysTick_Handler) for SysTick_Handler
    startup_stm32f103xb.o(RESET) refers to stm32f1xx_it.o(.text.USART1_IRQHandler) for USART1_IRQHandler
    startup_stm32f103xb.o(.text) refers (Special) to heapauxi.o(.text) for __use_two_region_memory
    startup_stm32f103xb.o(.text) refers to system_stm32f1xx.o(.text.SystemInit) for SystemInit
    startup_stm32f103xb.o(.text) refers to __main.o(!!!main) for __main
    startup_stm32f103xb.o(.text) refers to startup_stm32f103xb.o(HEAP) for Heap_Mem
    startup_stm32f103xb.o(.text) refers to startup_stm32f103xb.o(STACK) for Stack_Mem
    main.o(.text.main) refers to stm32f1xx_hal.o(.text.HAL_Init) for HAL_Init
    main.o(.text.main) refers to stm32f1xx_hal_rcc.o(.text.HAL_RCC_OscConfig) for HAL_RCC_OscConfig
    main.o(.text.main) refers to stm32f1xx_hal_rcc.o(.text.HAL_RCC_ClockConfig) for HAL_RCC_ClockConfig
    main.o(.text.main) refers to gpio.o(.text.MX_GPIO_Init) for MX_GPIO_Init
    main.o(.text.main) refers to tim.o(.text.MX_TIM2_Init) for MX_TIM2_Init
    main.o(.text.main) refers to tim.o(.text.MX_TIM3_Init) for MX_TIM3_Init
    main.o(.text.main) refers to tim.o(.text.MX_TIM4_Init) for MX_TIM4_Init
    main.o(.text.main) refers to speed_encoder.o(.text.Speed_Encoder_Init) for Speed_Encoder_Init
    main.o(.text.main) refers to tim.o(.bss.htim3) for htim3
    main.o(.text.main) refers to stm32f1xx_hal_tim.o(.text.HAL_TIM_PWM_Start) for HAL_TIM_PWM_Start
    main.o(.text.main) refers to motor.o(.text.Set_left_forward) for Set_left_forward
    main.o(.text.main) refers to motor.o(.text.Set_right_forward) for Set_right_forward
    main.o(.text.main) refers to motor.o(.text.Set_left_pwm) for Set_left_pwm
    main.o(.text.main) refers to motor.o(.text.Set_right_pwm) for Set_right_pwm
    main.o(.text.main) refers to oled.o(.text.OLED_Init) for OLED_Init
    main.o(.text.main) refers to oled.o(.text.OLED_ShowChar) for OLED_ShowChar
    main.o(.text.main) refers to oled.o(.text.OLED_ShowString) for OLED_ShowString
    main.o(.text.main) refers to oled.o(.text.OLED_ShowNum) for OLED_ShowNum
    main.o(.text.main) refers to speed_encoder.o(.text.Speed_Encoder_Update) for Speed_Encoder_Update
    main.o(.text.main) refers to speed_encoder.o(.text.Speed_Process) for Speed_Process
    main.o(.text.main) refers to track.o(.text.line_tracking) for line_tracking
    main.o(.text.main) refers to stm32f1xx_hal.o(.text.HAL_Delay) for HAL_Delay
    main.o(.ARM.exidx.text.main) refers to main.o(.text.main) for [Anonymous Symbol]
    main.o(.text.SystemClock_Config) refers to stm32f1xx_hal_rcc.o(.text.HAL_RCC_OscConfig) for HAL_RCC_OscConfig
    main.o(.text.SystemClock_Config) refers to stm32f1xx_hal_rcc.o(.text.HAL_RCC_ClockConfig) for HAL_RCC_ClockConfig
    main.o(.ARM.exidx.text.SystemClock_Config) refers to main.o(.text.SystemClock_Config) for [Anonymous Symbol]
    main.o(.ARM.exidx.text.Error_Handler) refers to main.o(.text.Error_Handler) for [Anonymous Symbol]
    gpio.o(.text.MX_GPIO_Init) refers to stm32f1xx_hal_gpio.o(.text.HAL_GPIO_WritePin) for HAL_GPIO_WritePin
    gpio.o(.text.MX_GPIO_Init) refers to stm32f1xx_hal_gpio.o(.text.HAL_GPIO_Init) for HAL_GPIO_Init
    gpio.o(.ARM.exidx.text.MX_GPIO_Init) refers to gpio.o(.text.MX_GPIO_Init) for [Anonymous Symbol]
    i2c.o(.text.MX_I2C1_Init) refers to i2c.o(.bss.hi2c1) for hi2c1
    i2c.o(.text.MX_I2C1_Init) refers to stm32f1xx_hal_i2c.o(.text.HAL_I2C_Init) for HAL_I2C_Init
[...]
    ../clib/heapaux.c                        0x00000000   Number         0  heapauxi.o ABSOLUTE
    ../clib/libinit.s                        0x00000000   Number         0  libinit.o ABSOLUTE
    ../clib/libinit.s                        0x00000000   Number         0  libinit2.o ABSOLUTE
    ../clib/libinit.s                        0x00000000   Number         0  libshutdown.o ABSOLUTE
    ../clib/libinit.s                        0x00000000   Number         0  libshutdown2.o ABSOLUTE
    ../clib/signal.c                         0x00000000   Number         0  defsig_rtmem_outer.o ABSOLUTE
    ../clib/signal.c                         0x00000000   Number         0  defsig_rtmem_formal.o ABSOLUTE
    ../clib/signal.c                         0x00000000   Number         0  defsig_exit.o ABSOLUTE
    ../clib/signal.c                         0x00000000   Number         0  defsig_rtmem_inner.o ABSOLUTE
    ../clib/signal.c                         0x00000000   Number         0  __raise.o ABSOLUTE
    ../clib/signal.c                         0x00000000   Number         0  defsig_general.o ABSOLUTE
    ../clib/signal.c                         0x00000000   Number         0  defsig_abrt_inner.o ABSOLUTE
    ../clib/signal.c                         0x00000000   Number         0  defsig_fpe_inner.o ABSOLUTE
    ../clib/signal.c                         0x00000000   Number         0  defsig_rtred_inner.o ABSOLUTE
    ../clib/signal.c                         0x00000000   Number         0  defsig_stak_inner.o ABSOLUTE
    ../clib/signal.c                         0x00000000   Number         0  defsig_pvfn_inner.o ABSOLUTE
    ../clib/signal.c                         0x00000000   Number         0  defsig_cppl_inner.o ABSOLUTE
    ../clib/signal.c                         0x00000000   Number         0  defsig_segv_inner.o ABSOLUTE
    ../clib/signal.c                         0x00000000   Number         0  defsig_other.o ABSOLUTE
    ../clib/signal.s                         0x00000000   Number         0  defsig.o ABSOLUTE
    ../clib/stdlib.c                         0x00000000   Number         0  exit.o ABSOLUTE
    ../fplib/d2f.s                           0x00000000   Number         0  d2f.o ABSOLUTE
    ../fplib/daddsub.s                       0x00000000   Number         0  daddsub_clz.o ABSOLUTE
    ../fplib/dcheck1.s                       0x00000000   Number         0  dcheck1.o ABSOLUTE
    ../fplib/dcmpi.s                         0x00000000   Number         0  dcmpi.o ABSOLUTE
    ../fplib/ddiv.s                          0x00000000   Number         0  ddiv.o ABSOLUTE
    ../fplib/dfix.s                          0x00000000   Number         0  dfix.o ABSOLUTE
    ../fplib/dflt.s                          0x00000000   Number         0  dflt_clz.o ABSOLUTE
    ../fplib/dleqf.s                         0x00000000   Number         0  dleqf.o ABSOLUTE
    ../fplib/dmul.s                          0x00000000   Number         0  dmul.o ABSOLUTE
    ../fplib/dnaninf.s                       0x00000000   Number         0  dnaninf.o ABSOLUTE
    ../fplib/dretinf.s                       0x00000000   Number         0  dretinf.o ABSOLUTE
    ../fplib/drleqf.s                        0x00000000   Number         0  drleqf.o ABSOLUTE
    ../fplib/f2d.s                           0x00000000   Number         0  f2d.o ABSOLUTE
    ../fplib/faddsub.s                       0x00000000   Number         0  faddsub_clz.o ABSOLUTE
    ../fplib/fcmp.s                          0x00000000   Number         0  fcmp.o ABSOLUTE
    ../fplib/fcmpi.s                         0x00000000   Number         0  fcmpi.o ABSOLUTE
    ../fplib/fdiv.s                          0x00000000   Number         0  fdiv.o ABSOLUTE
    ../fplib/feqf.s                          0x00000000   Number         0  feqf.o ABSOLUTE
    ../fplib/ffix.s                          0x00000000   Number         0  ffix.o ABSOLUTE
    ../fplib/fflt.s                          0x00000000   Number         0  fflt_clz.o ABSOLUTE
    ../fplib/fgeqf.s                         0x00000000   Number         0  fgeqf.o ABSOLUTE
    ../fplib/fleqf.s                         0x00000000   Number         0  fleqf.o ABSOLUTE
    ../fplib/fmul.s                          0x00000000   Number         0  fmul.o ABSOLUTE
    ../fplib/fnaninf.s                       0x00000000   Number         0  fnaninf.o ABSOLUTE
    ../fplib/fpinit.s                        0x00000000   Number         0  fpinit.o ABSOLUTE
    ../fplib/fpinit_empty.s                  0x00000000   Number         0  fpinit_empty.o ABSOLUTE
    ../fplib/fretinf.s                       0x00000000   Number         0  fretinf.o ABSOLUTE
    ../fplib/retnan.s                        0x00000000   Number         0  retnan.o ABSOLUTE
    ../fplib/scalbn.s                        0x00000000   Number         0  scalbn.o ABSOLUTE
    ../fplib/trapv.s                         0x00000000   Number         0  trapv.o ABSOLUTE
    ../fplib/usenofp.s                       0x00000000   Number         0  usenofp.o ABSOLUTE
    ../mathlib/dunder.c                      0x00000000   Number         0  dunder.o ABSOLUTE
    ../mathlib/exp.c                         0x00000000   Number         0  exp.o ABSOLUTE
    ../mathlib/exp.c                         0x00000000   Number         0  exp_x.o ABSOLUTE
    ../mathlib/fpclassify.c                  0x00000000   Number         0  fpclassify.o ABSOLUTE
    ../mathlib/poly.c                        0x00000000   Number         0  poly.o ABSOLUTE
    ../mathlib/qnan.c                        0x00000000   Number         0  qnan.o ABSOLUTE
    dc.s                                     0x00000000   Number         0  dc.o ABSOLUTE
    gpio.c                                   0x00000000   Number         0  gpio.o ABSOLUTE
    i2c.c                                    0x00000000   Number         0  i2c.o ABSOLUTE
    jy61p.c                                  0x00000000   Number         0  jy61p.o ABSOLUTE
    main.c                                   0x00000000   Number         0  main.o ABSOLUTE
    motor.c                                  0x00000000   Number         0  motor.o ABSOLUTE
    oled.c                                   0x00000000   Number         0  oled.o ABSOLUTE
    speed_encoder.c                          0x00000000   Number         0  speed_encoder.o ABSOLUTE
    startup_stm32f103xb.s                    0x00000000   Number         0  startup_stm32f103xb.o ABSOLUTE
    stm32f1xx_hal.c                          0x00000000   Number         0  stm32f1xx_hal.o ABSOLUTE
    stm32f1xx_hal_cortex.c                   0x00000000   Number         0  stm32f1xx_hal_cortex.o ABSOLUTE
    stm32f1xx_hal_dma.c                      0x00000000   Number         0  stm32f1xx_hal_dma.o ABSOLUTE
    stm32f1xx_hal_exti.c                     0x00000000   Number         0  stm32f1xx_hal_exti.o ABSOLUTE
    stm32f1xx_hal_flash.c                    0x00000000   Number         0  stm32f1xx_hal_flash.o ABSOLUTE
    stm32f1xx_hal_flash_ex.c                 0x00000000   Number         0  stm32f1xx_hal_flash_ex.o ABSOLUTE
    stm32f1xx_hal_gpio.c                     0x00000000   Number         0  stm32f1xx_hal_gpio.o ABSOLUTE
    stm32f1xx_hal_gpio_ex.c                  0x00000000   Number         0  stm32f1xx_hal_gpio_ex.o ABSOLUTE
    stm32f1xx_hal_i2c.c                      0x00000000   Number         0  stm32f1xx_hal_i2c.o ABSOLUTE
    stm32f1xx_hal_msp.c                      0x00000000   Number         0  stm32f1xx_hal_msp.o ABSOLUTE
    stm32f1xx_hal_pwr.c                      0x00000000   Number         0  stm32f1xx_hal_pwr.o ABSOLUTE
    stm32f1xx_hal_rcc.c                      0x00000000   Number         0  stm32f1xx_hal_rcc.o ABSOLUTE
    stm32f1xx_hal_rcc_ex.c                   0x00000000   Number         0  stm32f1xx_hal_rcc_ex.o ABSOLUTE
    stm32f1xx_hal_tim.c                      0x00000000   Number         0  stm32f1xx_hal_tim.o ABSOLUTE
    stm32f1xx_hal_tim_ex.c                   0x00000000   Number         0  stm32f1xx_hal_tim_ex.o ABSOLUTE
    stm32f1xx_hal_uart.c                     0x00000000   Number         0  stm32f1xx_hal_uart.o ABSOLUTE
    stm32f1xx_it.c                           0x00000000   Number         0  stm32f1xx_it.o ABSOLUTE
    system_stm32f1xx.c                       0x00000000   Number         0  system_stm32f1xx.o ABSOLUTE
    tim.c                                    0x00000000   Number         0  tim.o ABSOLUTE
    track.c                                  0x00000000   Number         0  track.o ABSOLUTE
    usart.c                                  0x00000000   Number         0  usart.o ABSOLUTE
    RESET                                    0x08000000   Section      236  startup_stm32f103xb.o(RESET)
    !!!main                                  0x080000ec   Section        8  __main.o(!!!main)
    !!!scatter                               0x080000f4   Section       52  __scatter.o(!!!scatter)
    !!handler_copy                           0x08000128   Section       26  __scatter_copy.o(!!handler_copy)
    !!handler_zi                             0x08000144   Section       28  __scatter_zi.o(!!handler_zi)
    .ARM.Collect$$libinit$$00000000          0x08000160   Section        2  libinit.o(.ARM.Collect$$libinit$$00000000)
    .ARM.Collect$$libinit$$00000002          0x08000162   Section        0  libinit2.o(.ARM.Collect$$libinit$$00000002)
    .ARM.Collect$$libinit$$00000004          0x08000162   Section        0  libinit2.o(.ARM.Collect$$libinit$$00000004)
    .ARM.Collect$$libinit$$0000000A          0x08000162   Section        0  libinit2.o(.ARM.Collect$$libinit$$0000000A)
    .ARM.Collect$$libinit$$0000000C          0x08000162   Section        0  libinit2.o(.ARM.Collect$$libinit$$0000000C)
    .ARM.Collect$$libinit$$0000000E          0x08000162   Section        0  libinit2.o(.ARM.Collect$$libinit$$0000000E)
    .ARM.Collect$$libinit$$00000011          0x08000162   Section        0  libinit2.o(.ARM.Collect$$libinit$$00000011)
    .ARM.Collect$$libinit$$00000013          0x08000162   Section        0  libinit2.o(.ARM.Collect$$libinit$$00000013)
    .ARM.Collect$$libinit$$00000015          0x08000162   Section        0  libinit2.o(.ARM.Collect$$libinit$$00000015)
    .ARM.Collect$$libinit$$00000017          0x08000162   Section        0  libinit2.o(.ARM.Collect$$libinit$$00000017)
    .ARM.Collect$$libinit$$00000019          0x08000162   Section        0  libinit2.o(.ARM.Collect$$libinit$$00000019)
    .ARM.Collect$$libinit$$0000001B          0x08000162   Section        0  libinit2.o(.ARM.Collect$$libinit$$0000001B)
    .ARM.Collect$$libinit$$0000001D          0x08000162   Section        0  libinit2.o(.ARM.Collect$$libinit$$0000001D)
    .ARM.Collect$$libinit$$0000001F          0x08000162   Section        0  libinit2.o(.ARM.Collect$$libinit$$0000001F)
    .ARM.Collect$$libinit$$00000021          0x08000162   Section        0  libinit2.o(.ARM.Collect$$libinit$$00000021)
    .ARM.Collect$$libinit$$00000023          0x08000162   Section        0  libinit2.o(.ARM.Collect$$libinit$$00000023)
    .ARM.Collect$$libinit$$00000025          0x08000162   Section        0  libinit2.o(.ARM.Collect$$libinit$$00000025)
    .ARM.Collect$$libinit$$0000002C          0x08000162   Section        0  libinit2.o(.ARM.Collect$$libinit$$0000002C)
    .ARM.Collect$$libinit$$0000002E          0x08000162   Section        0  libinit2.o(.ARM.Collect$$libinit$$0000002E)
    .ARM.Collect$$libinit$$00000030          0x08000162   Section        0  libinit2.o(.ARM.Collect$$libinit$$00000030)
    .ARM.Collect$$libinit$$00000032          0x08000162   Section        0  libinit2.o(.ARM.Collect$$libinit$$00000032)
    .ARM.Collect$$libinit$$00000033          0x08000162   Section        2  libinit2.o(.ARM.Collect$$libinit$$00000033)
    .ARM.Collect$$libshutdown$$00000000      0x08000164   Section        2  libshutdown.o(.ARM.Collect$$libshutdown$$00000000)
    .ARM.Collect$$libshutdown$$00000002      0x08000166   Section        0  libshutdown2.o(.ARM.Collect$$libshutdown$$00000002)
    .ARM.Collect$$libshutdown$$00000004      0x08000166   Section        0  libshutdown2.o(.ARM.Collect$$libshutdown$$00000004)
    .ARM.Collect$$libshutdown$$00000007      0x08000166   Section        0  libshutdown2.o(.ARM.Collect$$libshutdown$$00000007)
    .ARM.Collect$$libshutdown$$0000000A      0x08000166   Section        0  libshutdown2.o(.ARM.Collect$$libshutdown$$0000000A)
    .ARM.Collect$$libshutdown$$0000000C      0x08000166   Section        0  libshutdown2.o(.ARM.Collect$$libshutdown$$0000000C)
    .ARM.Collect$$libshutdown$$0000000F      0x08000166   Section        0  libshutdown2.o(.ARM.Collect$$libshutdown$$0000000F)
    .ARM.Collect$$libshutdown$$00000010      0x08000166   Section        2  libshutdown2.o(.ARM.Collect$$libshutdown$$00000010)
    .ARM.Collect$$rtentry$$00000000          0x08000168   Section        0  __rtentry.o(.ARM.Collect$$rtentry$$00000000)
    .ARM.Collect$$rtentry$$00000002          0x08000168   Section        0  __rtentry2.o(.ARM.Collect$$rtentry$$00000002)
    .ARM.Collect$$rtentry$$00000004          0x08000168   Section        6  __rtentry4.o(.ARM.Collect$$rtentry$$00000004)
    .ARM.Collect$$rtentry$$00000009          0x0800016e   Section        0  __rtentry2.o(.ARM.Collect$$rtentry$$00000009)
    .ARM.Collect$$rtentry$$0000000A          0x0800016e   Section        4  __rtentry2.o(.ARM.Collect$$rtentry$$0000000A)
    .ARM.Collect$$rtentry$$0000000C          0x08000172   Section        0  __rtentry2.o(.ARM.Collect$$rtentry$$0000000C)
    .ARM.Collect$$rtentry$$0000000D          0x08000172   Section        8  __rtentry2.o(.ARM.Collect$$rtentry$$0000000D)
    .ARM.Collect$$rtexit$$00000000           0x0800017a   Section        2  rtexit.o(.ARM.Collect$$rtexit$$00000000)
    .ARM.Collect$$rtexit$$00000002           0x0800017c   Section        0  rtexit2.o(.ARM.Collect$$rtexit$$00000002)
    .ARM.Collect$$rtexit$$00000003           0x0800017c   Section        4  rtexit2.o(.ARM.Collect$$rtexit$$00000003)
    .ARM.Collect$$rtexit$$00000004           0x08000180   Section        6  rtexit2.o(.ARM.Collect$$rtexit$$00000004)
    .text                                    0x08000188   Section       64  startup_stm32f103xb.o(.text)
    .text                                    0x080001c8   Section        0  heapauxi.o(.text)
    .text                                    0x080001ce   Section        0  _rserrno.o(.text)
    .text                                    0x080001e4   Section        8  rt_errno_addr_intlibspace.o(.text)
    .text                                    0x080001ec   Section        8  libspace.o(.text)
    .text                                    0x080001f4   Section       74  sys_stackheap_outer.o(.text)
    .text                                    0x0800023e   Section        0  exit.o(.text)
    .text                                    0x08000250   Section        0  sys_exit.o(.text)
    .text                                    0x0800025c   Section        2  use_no_semi.o(.text)
    .text                                    0x0800025e   Section        0  indicate_semi.o(.text)
    [Anonymous Symbol]                       0x08000260   Section        0  stm32f1xx_it.o(.text.BusFault_Handler)
    [Anonymous Symbol]                       0x08000264   Section        0  stm32f1xx_it.o(.text.DebugMon_Handler)
    [Anonymous Symbol]                       0x08000268   Section        0  main.o(.text.Error_Handler)
    [Anonymous Symbol]                       0x08000274   Section        0  stm32f1xx_hal_dma.o(.text.HAL_DMA_Abort)
    [Anonymous Symbol]                       0x080002bc   Section        0  stm32f1xx_hal_dma.o(.text.HAL_DMA_Abort_IT)
    [Anonymous Symbol]                       0x0800036c   Section        0  stm32f1xx_hal.o(.text.HAL_Delay)
    [Anonymous Symbol]                       0x08000394   Section        0  stm32f1xx_hal_gpio.o(.text.HAL_GPIO_Init)
    [Anonymous Symbol]                       0x080005ac   Section        0  stm32f1xx_hal_gpio.o(.text.HAL_GPIO_ReadPin)
    [Anonymous Symbol]                       0x080005b8   Section        0  stm32f1xx_hal_gpio.o(.text.HAL_GPIO_WritePin)
    [Anonymous Symbol]                       0x080005c4   Section        0  stm32f1xx_hal.o(.text.HAL_GetTick)
    [Anonymous Symbol]                       0x080005d0   Section        0  stm32f1xx_hal.o(.text.HAL_IncTick)
    [Anonymous Symbol]                       0x080005ec   Section        0  stm32f1xx_hal.o(.text.HAL_Init)
    [Anonymous Symbol]                       0x08000614   Section        0  stm32f1xx_hal.o(.text.HAL_InitTick)
    [Anonymous Symbol]                       0x0800065c   Section        0  stm32f1xx_hal_msp.o(.text.HAL_MspInit)
    [Anonymous Symbol]                       0x080006a0   Section        0  stm32f1xx_hal_cortex.o(.text.HAL_NVIC_SetPriority)
    [Anonymous Symbol]                       0x080006f8   Section        0  stm32f1xx_hal_cortex.o(.text.HAL_NVIC_SetPriorityGrouping)
    [Anonymous Symbol]                       0x08000718   Section        0  stm32f1xx_hal_rcc.o(.text.HAL_RCC_ClockConfig)
    [Anonymous Symbol]                       0x080008d0   Section        0  stm32f1xx_hal_rcc.o(.text.HAL_RCC_OscConfig)
    [Anonymous Symbol]                       0x08000c78   Section        0  stm32f1xx_hal_cortex.o(.text.HAL_SYSTICK_Config)
    [Anonymous Symbol]                       0x08000ca4   Section        0  stm32f1xx_hal_tim_ex.o(.text.HAL_TIMEx_MasterConfigSynchronization)
    [Anonymous Symbol]                       0x08000d24   Section        0  stm32f1xx_hal_tim.o(.text.HAL_TIM_Base_Init)
    [Anonymous Symbol]                       0x08000e1c   Section        0  tim.o(.text.HAL_TIM_Base_MspInit)
    [Anonymous Symbol]                       0x08000e50   Section        0  stm32f1xx_hal_tim.o(.text.HAL_TIM_ConfigClockSource)
    [Anonymous Symbol]                       0x08000fec   Section        0  stm32f1xx_hal_tim.o(.text.HAL_TIM_Encoder_Init)
    [Anonymous Symbol]                       0x08001144   Section        0  tim.o(.text.HAL_TIM_Encoder_MspInit)
    [Anonymous Symbol]                       0x080011f0   Section        0  stm32f1xx_hal_tim.o(.text.HAL_TIM_Encoder_Start)
    [Anonymous Symbol]                       0x080012a8   Section        0  stm32f1xx_hal_tim.o(.text.HAL_TIM_PWM_ConfigChannel)
    [Anonymous Symbol]                       0x080014ac   Section        0  stm32f1xx_hal_tim.o(.text.HAL_TIM_PWM_Init)
    [Anonymous Symbol]                       0x080015a4   Section        0  stm32f1xx_hal_tim.o(.text.HAL_TIM_PWM_MspInit)
    [Anonymous Symbol]                       0x080015a8   Section        0  stm32f1xx_hal_tim.o(.text.HAL_TIM_PWM_Start)
    [Anonymous Symbol]                       0x08001680   Section        0  stm32f1xx_hal_uart.o(.text.HAL_UARTEx_RxEventCallback)
    [Anonymous Symbol]                       0x08001684   Section        0  stm32f1xx_hal_uart.o(.text.HAL_UART_ErrorCallback)
    [Anonymous Symbol]                       0x08001688   Section        0  stm32f1xx_hal_uart.o(.text.HAL_UART_IRQHandler)
    [Anonymous Symbol]                       0x08001c14   Section        0  stm32f1xx_hal_uart.o(.text.HAL_UART_RxCpltCallback)
    [Anonymous Symbol]                       0x08001c18   Section        0  stm32f1xx_hal_uart.o(.text.HAL_UART_TxCpltCallback)
    [Anonymous Symbol]                       0x08001c1c   Section        0  stm32f1xx_it.o(.text.HardFault_Handler)
    [Anonymous Symbol]                       0x08001c20   Section        0  gpio.o(.text.MX_GPIO_Init)
    [Anonymous Symbol]                       0x08001cc0   Section        0  tim.o(.text.MX_TIM2_Init)
    [Anonymous Symbol]                       0x08001d28   Section        0  tim.o(.text.MX_TIM3_Init)
    [Anonymous Symbol]                       0x08001e44   Section        0  tim.o(.text.MX_TIM4_Init)
    [Anonymous Symbol]                       0x08001eb0   Section        0  stm32f1xx_it.o(.text.MemManage_Handler)
    [Anonymous Symbol]                       0x08001eb4   Section        0  stm32f1xx_it.o(.text.NMI_Handler)
    [Anonymous Symbol]                       0x08001eb8   Section        0  oled.o(.text.OLED_Clear)
    [Anonymous Symbol]                       0x08001fe0   Section        0  oled.o(.text.OLED_I2C_SendByte)
    [Anonymous Symbol]                       0x08002138   Section        0  oled.o(.text.OLED_Init)
    [Anonymous Symbol]                       0x08002224   Section        0  oled.o(.text.OLED_ShowChar)
    [Anonymous Symbol]                       0x080022fc   Section        0  oled.o(.text.OLED_ShowNum)
    [Anonymous Symbol]                       0x080023c8   Section        0  oled.o(.text.OLED_ShowString)
    [Anonymous Symbol]                       0x080023f4   Section        0  oled.o(.text.OLED_WriteCommand)
    [Anonymous Symbol]                       0x0800246c   Section        0  oled.o(.text.OLED_WriteData)
    [Anonymous Symbol]                       0x080024e4   Section        0  stm32f1xx_it.o(.text.PendSV_Handler)
    [Anonymous Symbol]                       0x080024e8   Section        0  stm32f1xx_it.o(.text.SVC_Handler)
    [Anonymous Symbol]                       0x080024ec   Section        0  motor.o(.text.Set_left_forward)
    [Anonymous Symbol]                       0x08002514   Section        0  motor.o(.text.Set_left_pwm)
    [Anonymous Symbol]                       0x0800252c   Section        0  motor.o(.text.Set_right_forward)
    [Anonymous Symbol]                       0x08002554   Section        0  motor.o(.text.Set_right_pwm)
    [Anonymous Symbol]                       0x0800256c   Section        0  speed_encoder.o(.text.Speed_Encoder_Init)
    [Anonymous Symbol]                       0x080025a0   Section        0  speed_encoder.o(.text.Speed_Encoder_Update)
    [Anonymous Symbol]                       0x080025d4   Section        0  speed_encoder.o(.text.Speed_Process)
    [Anonymous Symbol]                       0x0800262c   Section        0  stm32f1xx_it.o(.text.SysTick_Handler)
    [Anonymous Symbol]                       0x08002630   Section        0  system_stm32f1xx.o(.text.SystemInit)
    UART_DMAAbortOnError                     0x08002635   Thumb Code    12  stm32f1xx_hal_uart.o(.text.UART_DMAAbortOnError)
    [Anonymous Symbol]                       0x08002634   Section        0  stm32f1xx_hal_uart.o(.text.UART_DMAAbortOnError)
    UART_Receive_IT                          0x08002641   Thumb Code   250  stm32f1xx_hal_uart.o(.text.UART_Receive_IT)
    [Anonymous Symbol]                       0x08002640   Section        0  stm32f1xx_hal_uart.o(.text.UART_Receive_IT)
    [Anonymous Symbol]                       0x0800273c   Section        0  stm32f1xx_it.o(.text.USART1_IRQHandler)
    [Anonymous Symbol]                       0x08002748   Section        0  stm32f1xx_it.o(.text.UsageFault_Handler)
    [Anonymous Symbol]                       0x0800274c   Section        0  track.o(.text.get_error)
    [Anonymous Symbol]                       0x080028b0   Section        0  track.o(.text.line_tracking)
    [Anonymous Symbol]                       0x08002e00   Section        0  main.o(.text.main)
    i.__ARM_fpclassify                       0x08002ef4   Section        0  fpclassify.o(i.__ARM_fpclassify)
    i.__kernel_poly                          0x08002f1c   Section        0  poly.o(i.__kernel_poly)
    i.__mathlib_dbl_infnan                   0x08002fc6   Section        0  dunder.o(i.__mathlib_dbl_infnan)
    i.__mathlib_dbl_overflow                 0x08002fcc   Section        0  dunder.o(i.__mathlib_dbl_overflow)
    i.__mathlib_dbl_underflow                0x08002fdc   Section        0  dunder.o(i.__mathlib_dbl_underflow)
    i.exp                                    0x08002fec   Section        0  exp.o(i.exp)
    x$fpl$d2f                                0x08003270   Section       98  d2f.o(x$fpl$d2f)
    x$fpl$dadd                               0x080032d4   Section      336  daddsub_clz.o(x$fpl$dadd)
    _dadd1                                   0x080032e5   Thumb Code     0  daddsub_clz.o(x$fpl$dadd)
    x$fpl$dcheck1                            0x08003424   Section       16  dcheck1.o(x$fpl$dcheck1)
    x$fpl$dcmpinf                            0x08003434   Section       24  dcmpi.o(x$fpl$dcmpinf)
    x$fpl$ddiv                               0x0800344c   Section      688  ddiv.o(x$fpl$ddiv)
    ddiv_entry                               0x08003453   Thumb Code     0  ddiv.o(x$fpl$ddiv)
    x$fpl$dfix                               0x080036fc   Section       94  dfix.o(x$fpl$dfix)
    x$fpl$dflt                               0x0800375a   Section       46  dflt_clz.o(x$fpl$dflt)
    x$fpl$dleqf                              0x08003788   Section      120  dleqf.o(x$fpl$dleqf)
    x$fpl$dmul                               0x08003800   Section      340  dmul.o(x$fpl$dmul)
    x$fpl$dnaninf                            0x08003954   Section      156  dnaninf.o(x$fpl$dnaninf)
    x$fpl$dretinf                            0x080039f0   Section       12  dretinf.o(x$fpl$dretinf)
    x$fpl$drleqf                             0x080039fc   Section      108  drleqf.o(x$fpl$drleqf)
    x$fpl$drsb                               0x08003a68   Section       22  daddsub_clz.o(x$fpl$drsb)
    x$fpl$dsub                               0x08003a80   Section      468  daddsub_clz.o(x$fpl$dsub)
    _dsub1                                   0x08003a91   Thumb Code     0  daddsub_clz.o(x$fpl$dsub)
    x$fpl$f2d                                0x08003c54   Section       86  f2d.o(x$fpl$f2d)
    x$fpl$fadd                               0x08003cac   Section      196  faddsub_clz.o(x$fpl$fadd)
    _fadd1                                   0x08003cbb   Thumb Code     0  faddsub_clz.o(x$fpl$fadd)
    x$fpl$fcmp                               0x08003d70   Section       84  fcmp.o(x$fpl$fcmp)
    x$fpl$fcmpinf                            0x08003dc4   Section       24  fcmpi.o(x$fpl$fcmpinf)
    _fdiv1                                   0x08003ddd   Thumb Code     0  fdiv.o(x$fpl$fdiv)
    x$fpl$fdiv                               0x08003ddc   Section      388  fdiv.o(x$fpl$fdiv)
    x$fpl$feqf                               0x08003f60   Section      104  feqf.o(x$fpl$feqf)
    x$fpl$ffix                               0x08003fc8   Section       54  ffix.o(x$fpl$ffix)
    x$fpl$fflt                               0x08004000   Section       48  fflt_clz.o(x$fpl$fflt)
    x$fpl$ffltu                              0x08004030   Section       38  fflt_clz.o(x$fpl$ffltu)
    x$fpl$fgeqf                              0x08004058   Section      104  fgeqf.o(x$fpl$fgeqf)
    x$fpl$fleqf                              0x080040c0   Section      104  fleqf.o(x$fpl$fleqf)
    x$fpl$fmul                               0x08004128   Section      258  fmul.o(x$fpl$fmul)
    x$fpl$fnaninf                            0x0800422a   Section      140  fnaninf.o(x$fpl$fnaninf)
    x$fpl$fretinf                            0x080042b6   Section       10  fretinf.o(x$fpl$fretinf)
    x$fpl$fsub                               0x080042c0   Section      234  faddsub_clz.o(x$fpl$fsub)
    _fsub1                                   0x080042cf   Thumb Code     0  faddsub_clz.o(x$fpl$fsub)
    x$fpl$retnan                             0x080043aa   Section      100  retnan.o(x$fpl$retnan)
    x$fpl$scalbn                             0x0800440e   Section       92  scalbn.o(x$fpl$scalbn)
    x$fpl$trapveneer                         0x0800446a   Section       48  trapv.o(x$fpl$trapveneer)
    x$fpl$usenofp                            0x0800449a   Section        0  usenofp.o(x$fpl$usenofp)
    halF                                     0x080044a0   Data          16  exp.o(.constdata)
    .constdata                               0x080044a0   Section       88  exp.o(.constdata)
    ln2HI                                    0x080044b0   Data          16  exp.o(.constdata)
    ln2LO                                    0x080044c0   Data          16  exp.o(.constdata)
    P                                        0x080044d0   Data          40  exp.o(.constdata)
    HAL_RCC_GetSysClockFreq.aPredivFactorTable 0x08004508   Data           2  stm32f1xx_hal_rcc.o(.rodata.HAL_RCC_GetSysClockFreq.aPredivFactorTable)
    [Anonymous Symbol]                       0x08004508   Section        0  stm32f1xx_hal_rcc.o(.rodata.HAL_RCC_GetSysClockFreq.aPredivFactorTable)
    HAL_RCC_GetSysClockFreq.aPLLMULFactorTable 0x08004afa   Data          16  stm32f1xx_hal_rcc.o(.rodata.cst16)
    .L_MergedGlobals                         0x20000000   Data           8  stm32f1xx_hal.o(.data..L_MergedGlobals)
    [Anonymous Symbol]                       0x20000000   Section        0  stm32f1xx_hal.o(.data..L_MergedGlobals)
    .bss                                     0x20000048   Section       96  libspace.o(.bss)
    .L_MergedGlobals                         0x200000a8   Data          44  track.o(.bss..L_MergedGlobals)
    pid.8                                    0x200000a8   Data           1  track.o(.bss..L_MergedGlobals)
    [Anonymous Symbol]                       0x200000a8   Section        0  track.o(.bss..L_MergedGlobals)
    pid.0                                    0x200000ac   Data           4  track.o(.bss..L_MergedGlobals)
    pid.1                                    0x200000b0   Data           4  track.o(.bss..L_MergedGlobals)
    pid.3                                    0x200000b4   Data           4  track.o(.bss..L_MergedGlobals)
    pid.4                                    0x200000b8   Data           4  track.o(.bss..L_MergedGlobals)
    pid.5                                    0x200000bc   Data           4  track.o(.bss..L_MergedGlobals)
    pid.7                                    0x200000c0   Data           4  track.o(.bss..L_MergedGlobals)
    pid.10                                   0x200000c4   Data           4  track.o(.bss..L_MergedGlobals)
    pid.11                                   0x200000c8   Data           4  track.o(.bss..L_MergedGlobals)
    pid.12                                   0x200000cc   Data           4  track.o(.bss..L_MergedGlobals)
    pid.13                                   0x200000d0   Data           4  track.o(.bss..L_MergedGlobals)
    .L_MergedGlobals                         0x200000d4   Data          27  jy61p.o(.bss..L_MergedGlobals)
    RxState                                  0x200000d4   Data           1  jy61p.o(.bss..L_MergedGlobals)
    [Anonymous Symbol]                       0x200000d4   Section        0  jy61p.o(.bss..L_MergedGlobals)
    RxIndex                                  0x200000d5   Data           1  jy61p.o(.bss..L_MergedGlobals)
    RxBuffer                                 0x200000e4   Data          11  jy61p.o(.bss..L_MergedGlobals)
    Heap_Mem                                 0x20000218   Data         512  startup_stm32f103xb.o(HEAP)
    HEAP                                     0x20000218   Section      512  startup_stm32f103xb.o(HEAP)
    Stack_Mem                                0x20000418   Data        1024  startup_stm32f103xb.o(STACK)
    STACK                                    0x20000418   Section     1024  startup_stm32f103xb.o(STACK)
    __initial_sp                             0x20000818   Data           0  startup_stm32f103xb.o(STACK)

    Global Symbols

    Symbol Name                              Value     Ov Type        Size  Object(Section)

    BuildAttributes$$THM_ISAv4$P$D$K$B$S$PE$A:L22UL41UL21$X:L11$S22US41US21$IEEE1$IW$~IW$USESV6$~STKCKD$USESV7$~SHL$OTIME$ROPI$IEEEX$EBA8$UX$STANDARDLIB$REQ8$PRES8$EABIv2 0x00000000   Number         0  anon$$obj.o ABSOLUTE
    __fp_init_empty                          0x00000000   Number         0  fpinit_empty.o ABSOLUTE
    __ARM_exceptions_init                     - Undefined Weak Reference
    __alloca_initialize                       - Undefined Weak Reference
    __arm_preinit_                            - Undefined Weak Reference
    __cpp_initialize__aeabi_                  - Undefined Weak Reference
    __cxa_finalize                            - Undefined Weak Reference
    __rt_locale                               - Undefined Weak Reference
    __sigvec_lookup                           - Undefined Weak Reference
    _atexit_init                              - Undefined Weak Reference
    _call_atexit_fns                          - Undefined Weak Reference
    _clock_init                               - Undefined Weak Reference
    _fp_trap_init                             - Undefined Weak Reference
    _fp_trap_shutdown                         - Undefined Weak Reference
    _get_lc_collate                           - Undefined Weak Reference
    _get_lc_ctype                             - Undefined Weak Reference
    _get_lc_monetary                          - Undefined Weak Reference
    _get_lc_numeric                           - Undefined Weak Reference
    _get_lc_time                              - Undefined Weak Reference
    _getenv_init                              - Undefined Weak Reference
    _handle_redirection                       - Undefined Weak Reference
    _init_alloc                               - Undefined Weak Reference
    _init_user_alloc                          - Undefined Weak Reference
    _initio                                   - Undefined Weak Reference
    _rand_init                                - Undefined Weak Reference
    _signal_finish                            - Undefined Weak Reference
    _signal_init                              - Undefined Weak Reference
    _terminate_alloc                          - Undefined Weak Reference
    _terminate_user_alloc                     - Undefined Weak Reference
    _terminateio                              - Undefined Weak Reference
    __Vectors_Size                           0x000000ec   Number         0  startup_stm32f103xb.o ABSOLUTE
    __Vectors                                0x08000000   Data           4  startup_stm32f103xb.o(RESET)
    __Vectors_End                            0x080000ec   Data           0  startup_stm32f103xb.o(RESET)
    __main                                   0x080000ed   Thumb Code     8  __main.o(!!!main)
    __scatterload                            0x080000f5   Thumb Code     0  __scatter.o(!!!scatter)
    __scatterload_rt2                        0x080000f5   Thumb Code    44  __scatter.o(!!!scatter)
    __scatterload_rt2_thumb_only             0x080000f5   Thumb Code     0  __scatter.o(!!!scatter)
    __scatterload_null                       0x08000103   Thumb Code     0  __scatter.o(!!!scatter)
    __scatterload_copy                       0x08000129   Thumb Code    26  __scatter_copy.o(!!handler_copy)
    __scatterload_zeroinit                   0x08000145   Thumb Code    28  __scatter_zi.o(!!handler_zi)
    __rt_lib_init                            0x08000161   Thumb Code     0  libinit.o(.ARM.Collect$$libinit$$00000000)
    __rt_lib_init_alloca_1                   0x08000163   Thumb Code     0  libinit2.o(.ARM.Collect$$libinit$$0000002E)
    __rt_lib_init_argv_1                     0x08000163   Thumb Code     0  libinit2.o(.ARM.Collect$$libinit$$0000002C)
    __rt_lib_init_atexit_1                   0x08000163   Thumb Code     0  libinit2.o(.ARM.Collect$$libinit$$0000001B)
    __rt_lib_init_clock_1                    0x08000163   Thumb Code     0  libinit2.o(.ARM.Collect$$libinit$$00000021)
    __rt_lib_init_cpp_1                      0x08000163   Thumb Code     0  libinit2.o(.ARM.Collect$$libinit$$00000032)
    __rt_lib_init_exceptions_1               0x08000163   Thumb Code     0  libinit2.o(.ARM.Collect$$libinit$$00000030)
    __rt_lib_init_fp_1                       0x08000163   Thumb Code     0  libinit2.o(.ARM.Collect$$libinit$$00000002)
    __rt_lib_init_fp_trap_1                  0x08000163   Thumb Code     0  libinit2.o(.ARM.Collect$$libinit$$0000001F)
    __rt_lib_init_getenv_1                   0x08000163   Thumb Code     0  libinit2.o(.ARM.Collect$$libinit$$00000023)
    __rt_lib_init_heap_1                     0x08000163   Thumb Code     0  libinit2.o(.ARM.Collect$$libinit$$0000000A)
    __rt_lib_init_lc_collate_1               0x08000163   Thumb Code     0  libinit2.o(.ARM.Collect$$libinit$$00000011)
    __rt_lib_init_lc_ctype_1                 0x08000163   Thumb Code     0  libinit2.o(.ARM.Collect$$libinit$$00000013)
    __rt_lib_init_lc_monetary_1              0x08000163   Thumb Code     0  libinit2.o(.ARM.Collect$$libinit$$00000015)
    __rt_lib_init_lc_numeric_1               0x08000163   Thumb Code     0  libinit2.o(.ARM.Collect$$libinit$$00000017)
    __rt_lib_init_lc_time_1                  0x08000163   Thumb Code     0  libinit2.o(.ARM.Collect$$libinit$$00000019)
    __rt_lib_init_preinit_1                  0x08000163   Thumb Code     0  libinit2.o(.ARM.Collect$$libinit$$00000004)
    __rt_lib_init_rand_1                     0x08000163   Thumb Code     0  libinit2.o(.ARM.Collect$$libinit$$0000000E)
    __rt_lib_init_return                     0x08000163   Thumb Code     0  libinit2.o(.ARM.Collect$$libinit$$00000033)
    __rt_lib_init_signal_1                   0x08000163   Thumb Code     0  libinit2.o(.ARM.Collect$$libinit$$0000001D)
    __rt_lib_init_stdio_1                    0x08000163   Thumb Code     0  libinit2.o(.ARM.Collect$$libinit$$00000025)
    __rt_lib_init_user_alloc_1               0x08000163   Thumb Code     0  libinit2.o(.ARM.Collect$$libinit$$0000000C)
    __rt_lib_shutdown                        0x08000165   Thumb Code     0  libshutdown.o(.ARM.Collect$$libshutdown$$00000000)
    __rt_lib_shutdown_cpp_1                  0x08000167   Thumb Code     0  libshutdown2.o(.ARM.Collect$$libshutdown$$00000002)
    __rt_lib_shutdown_fp_trap_1              0x08000167   Thumb Code     0  libshutdown2.o(.ARM.Collect$$libshutdown$$00000007)
    __rt_lib_shutdown_heap_1                 0x08000167   Thumb Code     0  libshutdown2.o(.ARM.Collect$$libshutdown$$0000000F)
    __rt_lib_shutdown_return                 0x08000167   Thumb Code     0  libshutdown2.o(.ARM.Collect$$libshutdown$$00000010)
    __rt_lib_shutdown_signal_1               0x08000167   Thumb Code     0  libshutdown2.o(.ARM.Collect$$libshutdown$$0000000A)
    __rt_lib_shutdown_stdio_1                0x08000167   Thumb Code     0  libshutdown2.o(.ARM.Collect$$libshutdown$$00000004)
    __rt_lib_shutdown_user_alloc_1           0x08000167   Thumb Code     0  libshutdown2.o(.ARM.Collect$$libshutdown$$0000000C)
    __rt_entry                               0x08000169   Thumb Code     0  __rtentry.o(.ARM.Collect$$rtentry$$00000000)
    __rt_entry_presh_1                       0x08000169   Thumb Code     0  __rtentry2.o(.ARM.Collect$$rtentry$$00000002)
    __rt_entry_sh                            0x08000169   Thumb Code     0  __rtentry4.o(.ARM.Collect$$rtentry$$00000004)
    __rt_entry_li                            0x0800016f   Thumb Code     0  __rtentry2.o(.ARM.Collect$$rtentry$$0000000A)
    __rt_entry_postsh_1                      0x0800016f   Thumb Code     0  __rtentry2.o(.ARM.Collect$$rtentry$$00000009)
    __rt_entry_main                          0x08000173   Thumb Code     0  __rtentry2.o(.ARM.Collect$$rtentry$$0000000D)
    __rt_entry_postli_1                      0x08000173   Thumb Code     0  __rtentry2.o(.ARM.Collect$$rtentry$$0000000C)
    __rt_exit                                0x0800017b   Thumb Code     0  rtexit.o(.ARM.Collect$$rtexit$$00000000)
    __rt_exit_ls                             0x0800017d   Thumb Code     0  rtexit2.o(.ARM.Collect$$rtexit$$00000003)
    __rt_exit_prels_1                        0x0800017d   Thumb Code     0  rtexit2.o(.ARM.Collect$$rtexit$$00000002)
    __rt_exit_exit                           0x08000181   Thumb Code     0  rtexit2.o(.ARM.Collect$$rtexit$$00000004)
    Reset_Handler                            0x08000189   Thumb Code     8  startup_stm32f103xb.o(.text)
    ADC1_2_IRQHandler                        0x080001a3   Thumb Code     0  startup_stm32f103xb.o(.text)
    CAN1_RX1_IRQHandler                      0x080001a3   Thumb Code     0  startup_stm32f103xb.o(.text)
    CAN1_SCE_IRQHandler                      0x080001a3   Thumb Code     0  startup_stm32f103xb.o(.text)
    DMA1_Channel1_IRQHandler                 0x080001a3   Thumb Code     0  startup_stm32f103xb.o(.text)
    DMA1_Channel2_IRQHandler                 0x080001a3   Thumb Code     0  startup_stm32f103xb.o(.text)
    DMA1_Channel3_IRQHandler                 0x080001a3   Thumb Code     0  startup_stm32f103xb.o(.text)
    DMA1_Channel4_IRQHandler                 0x080001a3   Thumb Code     0  startup_stm32f103xb.o(.text)
    DMA1_Channel5_IRQHandler                 0x080001a3   Thumb Code     0  startup_stm32f103xb.o(.text)
    DMA1_Channel6_IRQHandler                 0x080001a3   Thumb Code     0  startup_stm32f103xb.o(.text)
    DMA1_Channel7_IRQHandler                 0x080001a3   Thumb Code     0  startup_stm32f103xb.o(.text)
    EXTI0_IRQHandler                         0x080001a3   Thumb Code     0  startup_stm32f103xb.o(.text)
    EXTI15_10_IRQHandler                     0x080001a3   Thumb Code     0  startup_stm32f103xb.o(.text)
    EXTI1_IRQHandler                         0x080001a3   Thumb Code     0  startup_stm32f103xb.o(.text)
    EXTI2_IRQHandler                         0x080001a3   Thumb Code     0  startup_stm32f103xb.o(.text)
    EXTI3_IRQHandler                         0x080001a3   Thumb Code     0  startup_stm32f103xb.o(.text)
    EXTI4_IRQHandler                         0x080001a3   Thumb Code     0  startup_stm32f103xb.o(.text)
    EXTI9_5_IRQHandler                       0x080001a3   Thumb Code     0  startup_stm32f103xb.o(.text)
    FLASH_IRQHandler                         0x080001a3   Thumb Code     0  startup_stm32f103xb.o(.text)
    I2C1_ER_IRQHandler                       0x080001a3   Thumb Code     0  startup_stm32f103xb.o(.text)
    I2C1_EV_IRQHandler                       0x080001a3   Thumb Code     0  startup_stm32f103xb.o(.text)
    I2C2_ER_IRQHandler                       0x080001a3   Thumb Code     0  startup_stm32f103xb.o(.text)
    I2C2_EV_IRQHandler                       0x080001a3   Thumb Code     0  startup_stm32f103xb.o(.text)
    PVD_IRQHandler                           0x080001a3   Thumb Code     0  startup_stm32f103xb.o(.text)
    RCC_IRQHandler                           0x080001a3   Thumb Code     0  startup_stm32f103xb.o(.text)
    RTC_Alarm_IRQHandler                     0x080001a3   Thumb Code     0  startup_stm32f103xb.o(.text)
    RTC_IRQHandler                           0x080001a3   Thumb Code     0  startup_stm32f103xb.o(.text)
    SPI1_IRQHandler                          0x080001a3   Thumb Code     0  startup_stm32f103xb.o(.text)
    SPI2_IRQHandler                          0x080001a3   Thumb Code     0  startup_stm32f103xb.o(.text)
    TAMPER_IRQHandler                        0x080001a3   Thumb Code     0  startup_stm32f103xb.o(.text)
    TIM1_BRK_IRQHandler                      0x080001a3   Thumb Code     0  startup_stm32f103xb.o(.text)
    TIM1_CC_IRQHandler                       0x080001a3   Thumb Code     0  startup_stm32f103xb.o(.text)
    TIM1_TRG_COM_IRQHandler                  0x080001a3   Thumb Code     0  startup_stm32f103xb.o(.text)
    TIM1_UP_IRQHandler                       0x080001a3   Thumb Code     0  startup_stm32f103xb.o(.text)
    TIM2_IRQHandler                          0x080001a3   Thumb Code     0  startup_stm32f103xb.o(.text)
    TIM3_IRQHandler                          0x080001a3   Thumb Code     0  startup_stm32f103xb.o(.text)
    TIM4_IRQHandler                          0x080001a3   Thumb Code     0  startup_stm32f103xb.o(.text)
    USART2_IRQHandler                        0x080001a3   Thumb Code     0  startup_stm32f103xb.o(.text)
    USART3_IRQHandler                        0x080001a3   Thumb Code     0  startup_stm32f103xb.o(.text)
    USBWakeUp_IRQHandler                     0x080001a3   Thumb Code     0  startup_stm32f103xb.o(.text)
    USB_HP_CAN1_TX_IRQHandler                0x080001a3   Thumb Code     0  startup_stm32f103xb.o(.text)
    USB_LP_CAN1_RX0_IRQHandler               0x080001a3   Thumb Code     0  startup_stm32f103xb.o(.text)
    WWDG_IRQHandler                          0x080001a3   Thumb Code     0  startup_stm32f103xb.o(.text)
    __user_initial_stackheap                 0x080001a5   Thumb Code     0  startup_stm32f103xb.o(.text)
    __use_two_region_memory                  0x080001c9   Thumb Code     2  heapauxi.o(.text)
    __rt_heap_escrow$2region                 0x080001cb   Thumb Code     2  heapauxi.o(.text)
    __rt_heap_expand$2region                 0x080001cd   Thumb Code     2  heapauxi.o(.text)
    __read_errno                             0x080001cf   Thumb Code    10  _rserrno.o(.text)
    __set_errno                              0x080001d9   Thumb Code    12  _rserrno.o(.text)
    __aeabi_errno_addr                       0x080001e5   Thumb Code     8  rt_errno_addr_intlibspace.o(.text)
    __errno$intlibspace                      0x080001e5   Thumb Code     0  rt_errno_addr_intlibspace.o(.text)
    __rt_errno_addr$intlibspace              0x080001e5   Thumb Code     0  rt_errno_addr_intlibspace.o(.text)
    __user_libspace                          0x080001ed   Thumb Code     8  libspace.o(.text)
    __user_perproc_libspace                  0x080001ed   Thumb Code     0  libspace.o(.text)
    __user_perthread_libspace                0x080001ed   Thumb Code     0  libspace.o(.text)
    __user_setup_stackheap                   0x080001f5   Thumb Code    74  sys_stackheap_outer.o(.text)
    exit                                     0x0800023f   Thumb Code    18  exit.o(.text)
    _sys_exit                                0x08000251   Thumb Code     8  sys_exit.o(.text)
    __I$use$semihosting                      0x0800025d   Thumb Code     0  use_no_semi.o(.text)
    __use_no_semihosting_swi                 0x0800025d   Thumb Code     2  use_no_semi.o(.text)
    __semihosting_library_function           0x0800025f   Thumb Code     0  indicate_semi.o(.text)
    BusFault_Handler                         0x08000261   Thumb Code     2  stm32f1xx_it.o(.text.BusFault_Handler)
    DebugMon_Handler                         0x08000265   Thumb Code     2  stm32f1xx_it.o(.text.DebugMon_Handler)
    Error_Handler                            0x08000269   Thumb Code    10  main.o(.text.Error_Handler)
    HAL_DMA_Abort                            0x08000275   Thumb Code    70  stm32f1xx_hal_dma.o(.text.HAL_DMA_Abort)
    HAL_DMA_Abort_IT                         0x080002bd   Thumb Code   174  stm32f1xx_hal_dma.o(.text.HAL_DMA_Abort_IT)
    HAL_Delay                                0x0800036d   Thumb Code    40  stm32f1xx_hal.o(.text.HAL_Delay)
    HAL_GPIO_Init                            0x08000395   Thumb Code   536  stm32f1xx_hal_gpio.o(.text.HAL_GPIO_Init)
    HAL_GPIO_ReadPin                         0x080005ad   Thumb Code    10  stm32f1xx_hal_gpio.o(.text.HAL_GPIO_ReadPin)
    HAL_GPIO_WritePin                        0x080005b9   Thumb Code    10  stm32f1xx_hal_gpio.o(.text.HAL_GPIO_WritePin)
    HAL_GetTick                              0x080005c5   Thumb Code    12  stm32f1xx_hal.o(.text.HAL_GetTick)
    HAL_IncTick                              0x080005d1   Thumb Code    26  stm32f1xx_hal.o(.text.HAL_IncTick)
    HAL_Init                                 0x080005ed   Thumb Code    38  stm32f1xx_hal.o(.text.HAL_Init)
    HAL_InitTick                             0x08000615   Thumb Code    72  stm32f1xx_hal.o(.text.HAL_InitTick)
    HAL_MspInit                              0x0800065d   Thumb Code    66  stm32f1xx_hal_msp.o(.text.HAL_MspInit)
    HAL_NVIC_SetPriority                     0x080006a1   Thumb Code    86  stm32f1xx_hal_cortex.o(.text.HAL_NVIC_SetPriority)
    HAL_NVIC_SetPriorityGrouping             0x080006f9   Thumb Code    32  stm32f1xx_hal_cortex.o(.text.HAL_NVIC_SetPriorityGrouping)
    HAL_RCC_ClockConfig                      0x08000719   Thumb Code   440  stm32f1xx_hal_rcc.o(.text.HAL_RCC_ClockConfig)
    HAL_RCC_OscConfig                        0x080008d1   Thumb Code   934  stm32f1xx_hal_rcc.o(.text.HAL_RCC_OscConfig)
    HAL_SYSTICK_Config                       0x08000c79   Thumb Code    44  stm32f1xx_hal_cortex.o(.text.HAL_SYSTICK_Config)
    HAL_TIMEx_MasterConfigSynchronization    0x08000ca5   Thumb Code   126  stm32f1xx_hal_tim_ex.o(.text.HAL_TIMEx_MasterConfigSynchronization)
    HAL_TIM_Base_Init                        0x08000d25   Thumb Code   248  stm32f1xx_hal_tim.o(.text.HAL_TIM_Base_Init)
    HAL_TIM_Base_MspInit                     0x08000e1d   Thumb Code    50  tim.o(.text.HAL_TIM_Base_MspInit)
    HAL_TIM_ConfigClockSource                0x08000e51   Thumb Code   412  stm32f1xx_hal_tim.o(.text.HAL_TIM_ConfigClockSource)
    HAL_TIM_Encoder_Init                     0x08000fed   Thumb Code   342  stm32f1xx_hal_tim.o(.text.HAL_TIM_Encoder_Init)
    HAL_TIM_Encoder_MspInit                  0x08001145   Thumb Code   170  tim.o(.text.HAL_TIM_Encoder_MspInit)
    HAL_TIM_Encoder_Start                    0x080011f1   Thumb Code   182  stm32f1xx_hal_tim.o(.text.HAL_TIM_Encoder_Start)
    HAL_TIM_PWM_ConfigChannel                0x080012a9   Thumb Code   516  stm32f1xx_hal_tim.o(.text.HAL_TIM_PWM_ConfigChannel)
    HAL_TIM_PWM_Init                         0x080014ad   Thumb Code   248  stm32f1xx_hal_tim.o(.text.HAL_TIM_PWM_Init)
    HAL_TIM_PWM_MspInit                      0x080015a5   Thumb Code     2  stm32f1xx_hal_tim.o(.text.HAL_TIM_PWM_MspInit)
    HAL_TIM_PWM_Start                        0x080015a9   Thumb Code   214  stm32f1xx_hal_tim.o(.text.HAL_TIM_PWM_Start)
    HAL_UARTEx_RxEventCallback               0x08001681   Thumb Code     2  stm32f1xx_hal_uart.o(.text.HAL_UARTEx_RxEventCallback)
    HAL_UART_ErrorCallback                   0x08001685   Thumb Code     2  stm32f1xx_hal_uart.o(.text.HAL_UART_ErrorCallback)
    HAL_UART_IRQHandler                      0x08001689   Thumb Code  1420  stm32f1xx_hal_uart.o(.text.HAL_UART_IRQHandler)
    HAL_UART_RxCpltCallback                  0x08001c15   Thumb Code     2  stm32f1xx_hal_uart.o(.text.HAL_UART_RxCpltCallback)
    HAL_UART_TxCpltCallback                  0x08001c19   Thumb Code     2  stm32f1xx_hal_uart.o(.text.HAL_UART_TxCpltCallback)
    HardFault_Handler                        0x08001c1d   Thumb Code     2  stm32f1xx_it.o(.text.HardFault_Handler)
    MX_GPIO_Init                             0x08001c21   Thumb Code   158  gpio.o(.text.MX_GPIO_Init)
    MX_TIM2_Init                             0x08001cc1   Thumb Code   102  tim.o(.text.MX_TIM2_Init)
    MX_TIM3_Init                             0x08001d29   Thumb Code   282  tim.o(.text.MX_TIM3_Init)
    MX_TIM4_Init                             0x08001e45   Thumb Code   106  tim.o(.text.MX_TIM4_Init)
    MemManage_Handler                        0x08001eb1   Thumb Code     2  stm32f1xx_it.o(.text.MemManage_Handler)
    NMI_Handler                              0x08001eb5   Thumb Code     2  stm32f1xx_it.o(.text.NMI_Handler)
    OLED_Clear                               0x08001eb9   Thumb Code   294  oled.o(.text.OLED_Clear)
    OLED_I2C_SendByte                        0x08001fe1   Thumb Code   342  oled.o(.text.OLED_I2C_SendByte)
    OLED_Init                                0x08002139   Thumb Code   234  oled.o(.text.OLED_Init)
    OLED_ShowChar                            0x08002225   Thumb Code   216  oled.o(.text.OLED_ShowChar)
    OLED_ShowNum                             0x080022fd   Thumb Code   204  oled.o(.text.OLED_ShowNum)
    OLED_ShowString                          0x080023c9   Thumb Code    42  oled.o(.text.OLED_ShowString)
    OLED_WriteCommand                        0x080023f5   Thumb Code   118  oled.o(.text.OLED_WriteCommand)
    OLED_WriteData                           0x0800246d   Thumb Code   118  oled.o(.text.OLED_WriteData)
    PendSV_Handler                           0x080024e5   Thumb Code     2  stm32f1xx_it.o(.text.PendSV_Handler)
    SVC_Handler                              0x080024e9   Thumb Code     2  stm32f1xx_it.o(.text.SVC_Handler)
    Set_left_forward                         0x080024ed   Thumb Code    38  motor.o(.text.Set_left_forward)
    Set_left_pwm                             0x08002515   Thumb Code    24  motor.o(.text.Set_left_pwm)
    Set_right_forward                        0x0800252d   Thumb Code    38  motor.o(.text.Set_right_forward)
    Set_right_pwm                            0x08002555   Thumb Code    24  motor.o(.text.Set_right_pwm)
    Speed_Encoder_Init                       0x0800256d   Thumb Code    52  speed_encoder.o(.text.Speed_Encoder_Init)
    Speed_Encoder_Update                     0x080025a1   Thumb Code    52  speed_encoder.o(.text.Speed_Encoder_Update)
    Speed_Process                            0x080025d5   Thumb Code    88  speed_encoder.o(.text.Speed_Process)
    SysTick_Handler                          0x0800262d   Thumb Code     4  stm32f1xx_it.o(.text.SysTick_Handler)
    SystemInit                               0x08002631   Thumb Code     2  system_stm32f1xx.o(.text.SystemInit)
    USART1_IRQHandler                        0x0800273d   Thumb Code    12  stm32f1xx_it.o(.text.USART1_IRQHandler)
    UsageFault_Handler                       0x08002749   Thumb Code     2  stm32f1xx_it.o(.text.UsageFault_Handler)
    get_error                                0x0800274d   Thumb Code   354  track.o(.text.get_error)
    line_tracking                            0x080028b1   Thumb Code  1358  track.o(.text.line_tracking)
    main                                     0x08002e01   Thumb Code   244  main.o(.text.main)
    __ARM_fpclassify                         0x08002ef5   Thumb Code    40  fpclassify.o(i.__ARM_fpclassify)
    __kernel_poly                            0x08002f1d   Thumb Code   170  poly.o(i.__kernel_poly)
    __mathlib_dbl_infnan                     0x08002fc7   Thumb Code     6  dunder.o(i.__mathlib_dbl_infnan)
    __mathlib_dbl_overflow                   0x08002fcd   Thumb Code    14  dunder.o(i.__mathlib_dbl_overflow)
    __mathlib_dbl_underflow                  0x08002fdd   Thumb Code    10  dunder.o(i.__mathlib_dbl_underflow)
    exp                                      0x08002fed   Thumb Code   554  exp.o(i.exp)
    __aeabi_d2f                              0x08003271   Thumb Code     0  d2f.o(x$fpl$d2f)
    _d2f                                     0x08003271   Thumb Code    98  d2f.o(x$fpl$d2f)
    __aeabi_dadd                             0x080032d5   Thumb Code     0  daddsub_clz.o(x$fpl$dadd)
    _dadd                                    0x080032d5   Thumb Code   332  daddsub_clz.o(x$fpl$dadd)
    __fpl_dcheck_NaN1                        0x08003425   Thumb Code    10  dcheck1.o(x$fpl$dcheck1)
    __fpl_dcmp_Inf                           0x08003435   Thumb Code    24  dcmpi.o(x$fpl$dcmpinf)
    __aeabi_ddiv                             0x0800344d   Thumb Code     0  ddiv.o(x$fpl$ddiv)
    _ddiv                                    0x0800344d   Thumb Code   552  ddiv.o(x$fpl$ddiv)
    __aeabi_d2iz                             0x080036fd   Thumb Code     0  dfix.o(x$fpl$dfix)
    _dfix                                    0x080036fd   Thumb Code    94  dfix.o(x$fpl$dfix)
    __aeabi_i2d                              0x0800375b   Thumb Code     0  dflt_clz.o(x$fpl$dflt)
    _dflt                                    0x0800375b   Thumb Code    46  dflt_clz.o(x$fpl$dflt)
    __aeabi_cdcmple                          0x08003789   Thumb Code     0  dleqf.o(x$fpl$dleqf)
    _dcmple                                  0x08003789   Thumb Code   120  dleqf.o(x$fpl$dleqf)
    __fpl_dcmple_InfNaN                      0x080037eb   Thumb Code     0  dleqf.o(x$fpl$dleqf)
    __aeabi_dmul                             0x08003801   Thumb Code     0  dmul.o(x$fpl$dmul)
    _dmul                                    0x08003801   Thumb Code   332  dmul.o(x$fpl$dmul)
    __fpl_dnaninf                            0x08003955   Thumb Code   156  dnaninf.o(x$fpl$dnaninf)
    __fpl_dretinf                            0x080039f1   Thumb Code    12  dretinf.o(x$fpl$dretinf)
    __aeabi_cdrcmple                         0x080039fd   Thumb Code     0  drleqf.o(x$fpl$drleqf)
    _drcmple                                 0x080039fd   Thumb Code   108  drleqf.o(x$fpl$drleqf)
    __aeabi_drsub                            0x08003a69   Thumb Code     0  daddsub_clz.o(x$fpl$drsb)
    _drsb                                    0x08003a69   Thumb Code    22  daddsub_clz.o(x$fpl$drsb)
    __aeabi_dsub                             0x08003a81   Thumb Code     0  daddsub_clz.o(x$fpl$dsub)
    _dsub                                    0x08003a81   Thumb Code   464  daddsub_clz.o(x$fpl$dsub)
    __aeabi_f2d                              0x08003c55   Thumb Code     0  f2d.o(x$fpl$f2d)
    _f2d                                     0x08003c55   Thumb Code    86  f2d.o(x$fpl$f2d)
    __aeabi_fadd                             0x08003cad   Thumb Code     0  faddsub_clz.o(x$fpl$fadd)
    _fadd                                    0x08003cad   Thumb Code   196  faddsub_clz.o(x$fpl$fadd)
    __aeabi_fcmpeq                           0x08003d71   Thumb Code     0  fcmp.o(x$fpl$fcmp)
    _feq                                     0x08003d71   Thumb Code    14  fcmp.o(x$fpl$fcmp)
    _fneq                                    0x08003d7f   Thumb Code    14  fcmp.o(x$fpl$fcmp)
    __aeabi_fcmpgt                           0x08003d8d   Thumb Code     0  fcmp.o(x$fpl$fcmp)
    _fgr                                     0x08003d8d   Thumb Code    14  fcmp.o(x$fpl$fcmp)
    __aeabi_fcmpge                           0x08003d9b   Thumb Code     0  fcmp.o(x$fpl$fcmp)
    _fgeq                                    0x08003d9b   Thumb Code    14  fcmp.o(x$fpl$fcmp)
    __aeabi_fcmple                           0x08003da9   Thumb Code     0  fcmp.o(x$fpl$fcmp)
    _fleq                                    0x08003da9   Thumb Code    14  fcmp.o(x$fpl$fcmp)
    __aeabi_fcmplt                           0x08003db7   Thumb Code     0  fcmp.o(x$fpl$fcmp)
    _fls                                     0x08003db7   Thumb Code    14  fcmp.o(x$fpl$fcmp)
    __fpl_fcmp_Inf                           0x08003dc5   Thumb Code    24  fcmpi.o(x$fpl$fcmpinf)
    __aeabi_fdiv                             0x08003ddd   Thumb Code     0  fdiv.o(x$fpl$fdiv)
    _fdiv                                    0x08003ddd   Thumb Code   384  fdiv.o(x$fpl$fdiv)
    __aeabi_cfcmpeq                          0x08003f61   Thumb Code     0  feqf.o(x$fpl$feqf)
    _fcmpeq                                  0x08003f61   Thumb Code   104  feqf.o(x$fpl$feqf)
    __aeabi_f2iz                             0x08003fc9   Thumb Code     0  ffix.o(x$fpl$ffix)
    _ffix                                    0x08003fc9   Thumb Code    54  ffix.o(x$fpl$ffix)
    __aeabi_i2f                              0x08004001   Thumb Code     0  fflt_clz.o(x$fpl$fflt)
    _fflt                                    0x08004001   Thumb Code    48  fflt_clz.o(x$fpl$fflt)
    __aeabi_ui2f                             0x08004031   Thumb Code     0  fflt_clz.o(x$fpl$ffltu)
    _ffltu                                   0x08004031   Thumb Code    38  fflt_clz.o(x$fpl$ffltu)
    _fcmpge                                  0x08004059   Thumb Code   104  fgeqf.o(x$fpl$fgeqf)
    __aeabi_cfcmple                          0x080040c1   Thumb Code     0  fleqf.o(x$fpl$fleqf)
    _fcmple                                  0x080040c1   Thumb Code   104  fleqf.o(x$fpl$fleqf)
    __fpl_fcmple_InfNaN                      0x08004113   Thumb Code     0  fleqf.o(x$fpl$fleqf)
    __aeabi_fmul                             0x08004129   Thumb Code     0  fmul.o(x$fpl$fmul)
    _fmul                                    0x08004129   Thumb Code   258  fmul.o(x$fpl$fmul)
    __fpl_fnaninf                            0x0800422b   Thumb Code   140  fnaninf.o(x$fpl$fnaninf)
    __fpl_fretinf                            0x080042b7   Thumb Code    10  fretinf.o(x$fpl$fretinf)
    __aeabi_fsub                             0x080042c1   Thumb Code     0  faddsub_clz.o(x$fpl$fsub)
    _fsub                                    0x080042c1   Thumb Code   234  faddsub_clz.o(x$fpl$fsub)
    __fpl_return_NaN                         0x080043ab   Thumb Code   100  retnan.o(x$fpl$retnan)
    __ARM_scalbn                             0x0800440f   Thumb Code    92  scalbn.o(x$fpl$scalbn)
    __fpl_cmpreturn                          0x0800446b   Thumb Code    48  trapv.o(x$fpl$trapveneer)
    __I$use$fp                               0x0800449a   Number         0  usenofp.o(x$fpl$usenofp)
    AHBPrescTable                            0x080044f8   Data          16  system_stm32f1xx.o(.rodata.AHBPrescTable)
    OLED_F8x16                               0x0800450a   Data        1520  oled.o(.rodata.OLED_F8x16)
    Region$$Table$$Base                      0x08004b0c   Number         0  anon$$obj.o(Region$$Table)
    Region$$Table$$Limit                     0x08004b2c   Number         0  anon$$obj.o(Region$$Table)
    uwTickFreq                               0x20000000   Data           1  stm32f1xx_hal.o(.data..L_MergedGlobals)
    uwTickPrio                               0x20000004   Data           4  stm32f1xx_hal.o(.data..L_MergedGlobals)
    SENSOR_PORTS                             0x20000008   Data          32  track.o(.data.SENSOR_PORTS)
    SystemCoreClock                          0x20000028   Data           4  system_stm32f1xx.o(.data.SystemCoreClock)
    g_speed_encoder                          0x2000002c   Data          24  speed_encoder.o(.data.g_speed_encoder)
    __libspace_start                         0x20000048   Data          96  libspace.o(.bss)
    __temporary_stack_top$libspace           0x200000a8   Data           0  libspace.o(.bss)
    Roll                                     0x200000d8   Data           4  jy61p.o(.bss..L_MergedGlobals)
    Pitch                                    0x200000dc   Data           4  jy61p.o(.bss..L_MergedGlobals)
    Yaw                                      0x200000e0   Data           4  jy61p.o(.bss..L_MergedGlobals)
    g_speed_encoder_state                    0x200000ef   Data           1  speed_encoder.o(.bss.g_speed_encoder_state)
    htim2                                    0x200000f0   Data          72  tim.o(.bss.htim2)
    htim3                                    0x20000138   Data          72  tim.o(.bss.htim3)
    htim4                                    0x20000180   Data          72  tim.o(.bss.htim4)
    huart1                                   0x200001c8   Data          72  usart.o(.bss.huart1)
    uwTick                                   0x20000210   Data           4  stm32f1xx_hal.o(.bss.uwTick)



==============================================================================

Memory Map of the image

  Image Entry point : 0x080000ed

  Load Region LR_IROM1 (Base: 0x08000000, Size: 0x00004b78, Max: 0x00010000, ABSOLUTE)

    Execution Region ER_IROM1 (Exec base: 0x08000000, Load base: 0x08000000, Size: 0x00004b2c, Max: 0x00010000, ABSOLUTE)

    Exec Addr    Load Addr    Size         Type   Attr      Idx    E Section Name        Object

    0x08000000   0x08000000   0x000000ec   Data   RO            3    RESET               startup_stm32f103xb.o
    0x080000ec   0x080000ec   0x00000008   Code   RO         1212  * !!!main             c_w.l(__main.o)
    0x080000f4   0x080000f4   0x00000034   Code   RO         1492    !!!scatter          c_w.l(__scatter.o)
    0x08000128   0x08000128   0x0000001a   Code   RO         1494    !!handler_copy      c_w.l(__scatter_copy.o)
    0x08000142   0x08000142   0x00000002   PAD
    0x08000144   0x08000144   0x0000001c   Code   RO         1496    !!handler_zi        c_w.l(__scatter_zi.o)
    0x08000160   0x08000160   0x00000002   Code   RO         1355    .ARM.Collect$$libinit$$00000000  c_w.l(libinit.o)
    0x08000162   0x08000162   0x00000000   Code   RO         1361    .ARM.Collect$$libinit$$00000002  c_w.l(libinit2.o)
    0x08000162   0x08000162   0x00000000   Code   RO         1363    .ARM.Collect$$libinit$$00000004  c_w.l(libinit2.o)
    0x08000162   0x08000162   0x00000000   Code   RO         1366    .ARM.Collect$$libinit$$0000000A  c_w.l(libinit2.o)
    0x08000162   0x08000162   0x00000000   Code   RO         1368    .ARM.Collect$$libinit$$0000000C  c_w.l(libinit2.o)
    0x08000162   0x08000162   0x00000000   Code   RO         1370    .ARM.Collect$$libinit$$0000000E  c_w.l(libinit2.o)
    0x08000162   0x08000162   0x00000000   Code   RO         1373    .ARM.Collect$$libinit$$00000011  c_w.l(libinit2.o)
    0x08000162   0x08000162   0x00000000   Code   RO         1375    .ARM.Collect$$libinit$$00000013  c_w.l(libinit2.o)
    0x08000162   0x08000162   0x00000000   Code   RO         1377    .ARM.Collect$$libinit$$00000015  c_w.l(libinit2.o)
    0x08000162   0x08000162   0x00000000   Code   RO         1379    .ARM.Collect$$libinit$$00000017  c_w.l(libinit2.o)
    0x08000162   0x08000162   0x00000000   Code   RO         1381    .ARM.Collect$$libinit$$00000019  c_w.l(libinit2.o)
    0x08000162   0x08000162   0x00000000   Code   RO         1383    .ARM.Collect$$libinit$$0000001B  c_w.l(libinit2.o)
    0x08000162   0x08000162   0x00000000   Code   RO         1385    .ARM.Collect$$libinit$$0000001D  c_w.l(libinit2.o)
    0x08000162   0x08000162   0x00000000   Code   RO         1387    .ARM.Collect$$libinit$$0000001F  c_w.l(libinit2.o)
    0x08000162   0x08000162   0x00000000   Code   RO         1389    .ARM.Collect$$libinit$$00000021  c_w.l(libinit2.o)
    0x08000162   0x08000162   0x00000000   Code   RO         1391    .ARM.Collect$$libinit$$00000023  c_w.l(libinit2.o)
    0x08000162   0x08000162   0x00000000   Code   RO         1393    .ARM.Collect$$libinit$$00000025  c_w.l(libinit2.o)
    0x08000162   0x08000162   0x00000000   Code   RO         1397    .ARM.Collect$$libinit$$0000002C  c_w.l(libinit2.o)
    0x08000162   0x08000162   0x00000000   Code   RO         1399    .ARM.Collect$$libinit$$0000002E  c_w.l(libinit2.o)
    0x08000162   0x08000162   0x00000000   Code   RO         1401    .ARM.Collect$$libinit$$00000030  c_w.l(libinit2.o)
    0x08000162   0x08000162   0x00000000   Code   RO         1403    .ARM.Collect$$libinit$$00000032  c_w.l(libinit2.o)
    0x08000162   0x08000162   0x00000002   Code   RO         1404    .ARM.Collect$$libinit$$00000033  c_w.l(libinit2.o)
    0x08000164   0x08000164   0x00000002   Code   RO         1428    .ARM.Collect$$libshutdown$$00000000  c_w.l(libshutdown.o)
    0x08000166   0x08000166   0x00000000   Code   RO         1443    .ARM.Collect$$libshutdown$$00000002  c_w.l(libshutdown2.o)
    0x08000166   0x08000166   0x00000000   Code   RO         1445    .ARM.Collect$$libshutdown$$00000004  c_w.l(libshutdown2.o)
    0x08000166   0x08000166   0x00000000   Code   RO         1448    .ARM.Collect$$libshutdown$$00000007  c_w.l(libshutdown2.o)
    0x08000166   0x08000166   0x00000000   Code   RO         1451    .ARM.Collect$$libshutdown$$0000000A  c_w.l(libshutdown2.o)
    0x08000166   0x08000166   0x00000000   Code   RO         1453    .ARM.Collect$$libshutdown$$0000000C  c_w.l(libshutdown2.o)
    0x08000166   0x08000166   0x00000000   Code   RO         1456    .ARM.Collect$$libshutdown$$0000000F  c_w.l(libshutdown2.o)
    0x08000166   0x08000166   0x00000002   Code   RO         1457    .ARM.Collect$$libshutdown$$00000010  c_w.l(libshutdown2.o)
    0x08000168   0x08000168   0x00000000   Code   RO         1262    .ARM.Collect$$rtentry$$00000000  c_w.l(__rtentry.o)
    0x08000168   0x08000168   0x00000000   Code   RO         1318    .ARM.Collect$$rtentry$$00000002  c_w.l(__rtentry2.o)
    0x08000168   0x08000168   0x00000006   Code   RO         1330    .ARM.Collect$$rtentry$$00000004  c_w.l(__rtentry4.o)
    0x0800016e   0x0800016e   0x00000000   Code   RO         1320    .ARM.Collect$$rtentry$$00000009  c_w.l(__rtentry2.o)
    0x0800016e   0x0800016e   0x00000004   Code   RO         1321    .ARM.Collect$$rtentry$$0000000A  c_w.l(__rtentry2.o)
    0x08000172   0x08000172   0x00000000   Code   RO         1323    .ARM.Collect$$rtentry$$0000000C  c_w.l(__rtentry2.o)
    0x08000172   0x08000172   0x00000008   Code   RO         1324    .ARM.Collect$$rtentry$$0000000D  c_w.l(__rtentry2.o)
    0x0800017a   0x0800017a   0x00000002   Code   RO         1358    .ARM.Collect$$rtexit$$00000000  c_w.l(rtexit.o)
    0x0800017c   0x0800017c   0x00000000   Code   RO         1408    .ARM.Collect$$rtexit$$00000002  c_w.l(rtexit2.o)
    0x0800017c   0x0800017c   0x00000004   Code   RO         1409    .ARM.Collect$$rtexit$$00000003  c_w.l(rtexit2.o)
    0x08000180   0x08000180   0x00000006   Code   RO         1410    .ARM.Collect$$rtexit$$00000004  c_w.l(rtexit2.o)
    0x08000186   0x08000186   0x00000002   PAD
    0x08000188   0x08000188   0x00000040   Code   RO            4    .text               startup_stm32f103xb.o
    0x080001c8   0x080001c8   0x00000006   Code   RO         1210    .text               c_w.l(heapauxi.o)
    0x080001ce   0x080001ce   0x00000016   Code   RO         1263    .text               c_w.l(_rserrno.o)
    0x080001e4   0x080001e4   0x00000008   Code   RO         1335    .text               c_w.l(rt_errno_addr_intlibspace.o)
    0x080001ec   0x080001ec   0x00000008   Code   RO         1343    .text               c_w.l(libspace.o)
    0x080001f4   0x080001f4   0x0000004a   Code   RO         1346    .text               c_w.l(sys_stackheap_outer.o)
    0x0800023e   0x0800023e   0x00000012   Code   RO         1348    .text               c_w.l(exit.o)
    0x08000250   0x08000250   0x0000000c   Code   RO         1418    .text               c_w.l(sys_exit.o)
    0x0800025c   0x0800025c   0x00000002   Code   RO         1433    .text               c_w.l(use_no_semi.o)
    0x0800025e   0x0800025e   0x00000000   Code   RO         1435    .text               c_w.l(indicate_semi.o)
    0x0800025e   0x0800025e   0x00000002   PAD
    0x08000260   0x08000260   0x00000002   Code   RO          102    .text.BusFault_Handler  stm32f1xx_it.o
    0x08000262   0x08000262   0x00000002   PAD
    0x08000264   0x08000264   0x00000002   Code   RO          108    .text.DebugMon_Handler  stm32f1xx_it.o
    0x08000266   0x08000266   0x00000002   PAD
    0x08000268   0x08000268   0x0000000a   Code   RO           15    .text.Error_Handler  main.o
    0x08000272   0x08000272   0x00000002   PAD
    0x08000274   0x08000274   0x00000046   Code   RO          424    .text.HAL_DMA_Abort  stm32f1xx_hal_dma.o
    0x080002ba   0x080002ba   0x00000002   PAD
    0x080002bc   0x080002bc   0x000000ae   Code   RO          426    .text.HAL_DMA_Abort_IT  stm32f1xx_hal_dma.o
    0x0800036a   0x0800036a   0x00000002   PAD
    0x0800036c   0x0800036c   0x00000028   Code   RO          296    .text.HAL_Delay     stm32f1xx_hal.o
    0x08000394   0x08000394   0x00000218   Code   RO          391    .text.HAL_GPIO_Init  stm32f1xx_hal_gpio.o
    0x080005ac   0x080005ac   0x0000000a   Code   RO          395    .text.HAL_GPIO_ReadPin  stm32f1xx_hal_gpio.o
    0x080005b6   0x080005b6   0x00000002   PAD
    0x080005b8   0x080005b8   0x0000000a   Code   RO          397    .text.HAL_GPIO_WritePin  stm32f1xx_hal_gpio.o
    0x080005c2   0x080005c2   0x00000002   PAD
    0x080005c4   0x080005c4   0x0000000c   Code   RO          288    .text.HAL_GetTick   stm32f1xx_hal.o
    0x080005d0   0x080005d0   0x0000001a   Code   RO          286    .text.HAL_IncTick   stm32f1xx_hal.o
    0x080005ea   0x080005ea   0x00000002   PAD
    0x080005ec   0x080005ec   0x00000026   Code   RO          276    .text.HAL_Init      stm32f1xx_hal.o
    0x08000612   0x08000612   0x00000002   PAD
    0x08000614   0x08000614   0x00000048   Code   RO          278    .text.HAL_InitTick  stm32f1xx_hal.o
    0x0800065c   0x0800065c   0x00000042   Code   RO          124    .text.HAL_MspInit   stm32f1xx_hal_msp.o
    0x0800069e   0x0800069e   0x00000002   PAD
    0x080006a0   0x080006a0   0x00000056   Code   RO          451    .text.HAL_NVIC_SetPriority  stm32f1xx_hal_cortex.o
    0x080006f6   0x080006f6   0x00000002   PAD
    0x080006f8   0x080006f8   0x00000020   Code   RO          449    .text.HAL_NVIC_SetPriorityGrouping  stm32f1xx_hal_cortex.o
    0x08000718   0x08000718   0x000001b8   Code   RO          341    .text.HAL_RCC_ClockConfig  stm32f1xx_hal_rcc.o
    0x080008d0   0x080008d0   0x000003a6   Code   RO          339    .text.HAL_RCC_OscConfig  stm32f1xx_hal_rcc.o
    0x08000c76   0x08000c76   0x00000002   PAD
    0x08000c78   0x08000c78   0x0000002c   Code   RO          461    .text.HAL_SYSTICK_Config  stm32f1xx_hal_cortex.o
    0x08000ca4   0x08000ca4   0x0000007e   Code   RO          915    .text.HAL_TIMEx_MasterConfigSynchronization  stm32f1xx_hal_tim_ex.o
    0x08000d22   0x08000d22   0x00000002   PAD
    0x08000d24   0x08000d24   0x000000f8   Code   RO          619    .text.HAL_TIM_Base_Init  stm32f1xx_hal_tim.o
    0x08000e1c   0x08000e1c   0x00000032   Code   RO           62    .text.HAL_TIM_Base_MspInit  tim.o
    0x08000e4e   0x08000e4e   0x00000002   PAD
    0x08000e50   0x08000e50   0x0000019c   Code   RO          799    .text.HAL_TIM_ConfigClockSource  stm32f1xx_hal_tim.o
    0x08000fec   0x08000fec   0x00000156   Code   RO          733    .text.HAL_TIM_Encoder_Init  stm32f1xx_hal_tim.o
    0x08001142   0x08001142   0x00000002   PAD
    0x08001144   0x08001144   0x000000aa   Code   RO           60    .text.HAL_TIM_Encoder_MspInit  tim.o
    0x080011ee   0x080011ee   0x00000002   PAD
    0x080011f0   0x080011f0   0x000000b6   Code   RO          741    .text.HAL_TIM_Encoder_Start  stm32f1xx_hal_tim.o
    0x080012a6   0x080012a6   0x00000002   PAD
    0x080012a8   0x080012a8   0x00000204   Code   RO          773    .text.HAL_TIM_PWM_ConfigChannel  stm32f1xx_hal_tim.o
    0x080014ac   0x080014ac   0x000000f8   Code   RO          673    .text.HAL_TIM_PWM_Init  stm32f1xx_hal_tim.o
    0x080015a4   0x080015a4   0x00000002   Code   RO          675    .text.HAL_TIM_PWM_MspInit  stm32f1xx_hal_tim.o
    0x080015a6   0x080015a6   0x00000002   PAD
    0x080015a8   0x080015a8   0x000000d6   Code   RO          681    .text.HAL_TIM_PWM_Start  stm32f1xx_hal_tim.o
    0x0800167e   0x0800167e   0x00000002   PAD
    0x08001680   0x08001680   0x00000002   Code   RO         1024    .text.HAL_UARTEx_RxEventCallback  stm32f1xx_hal_uart.o
    0x08001682   0x08001682   0x00000002   PAD
    0x08001684   0x08001684   0x00000002   Code   RO         1022    .text.HAL_UART_ErrorCallback  stm32f1xx_hal_uart.o
    0x08001686   0x08001686   0x00000002   PAD
    0x08001688   0x08001688   0x0000058c   Code   RO         1016    .text.HAL_UART_IRQHandler  stm32f1xx_hal_uart.o
    0x08001c14   0x08001c14   0x00000002   Code   RO         1030    .text.HAL_UART_RxCpltCallback  stm32f1xx_hal_uart.o
    0x08001c16   0x08001c16   0x00000002   PAD
    0x08001c18   0x08001c18   0x00000002   Code   RO         1026    .text.HAL_UART_TxCpltCallback  stm32f1xx_hal_uart.o
    0x08001c1a   0x08001c1a   0x00000002   PAD
    0x08001c1c   0x08001c1c   0x00000002   Code   RO           98    .text.HardFault_Handler  stm32f1xx_it.o
    0x08001c1e   0x08001c1e   0x00000002   PAD
    0x08001c20   0x08001c20   0x0000009e   Code   RO           26    .text.MX_GPIO_Init  gpio.o
    0x08001cbe   0x08001cbe   0x00000002   PAD
    0x08001cc0   0x08001cc0   0x00000066   Code   RO           52    .text.MX_TIM2_Init  tim.o
    0x08001d26   0x08001d26   0x00000002   PAD
    0x08001d28   0x08001d28   0x0000011a   Code   RO           54    .text.MX_TIM3_Init  tim.o
    0x08001e42   0x08001e42   0x00000002   PAD
    0x08001e44   0x08001e44   0x0000006a   Code   RO           58    .text.MX_TIM4_Init  tim.o
    0x08001eae   0x08001eae   0x00000002   PAD
    0x08001eb0   0x08001eb0   0x00000002   Code   RO          100    .text.MemManage_Handler  stm32f1xx_it.o
    0x08001eb2   0x08001eb2   0x00000002   PAD
    0x08001eb4   0x08001eb4   0x00000002   Code   RO           96    .text.NMI_Handler   stm32f1xx_it.o
    0x08001eb6   0x08001eb6   0x00000002   PAD
    0x08001eb8   0x08001eb8   0x00000126   Code   RO         1181    .text.OLED_Clear    oled.o
    0x08001fde   0x08001fde   0x00000002   PAD
    0x08001fe0   0x08001fe0   0x00000156   Code   RO         1173    .text.OLED_I2C_SendByte  oled.o
    0x08002136   0x08002136   0x00000002   PAD
    0x08002138   0x08002138   0x000000ea   Code   RO         1197    .text.OLED_Init     oled.o
    0x08002222   0x08002222   0x00000002   PAD
    0x08002224   0x08002224   0x000000d8   Code   RO         1183    .text.OLED_ShowChar  oled.o
    0x080022fc   0x080022fc   0x000000cc   Code   RO         1189    .text.OLED_ShowNum  oled.o
    0x080023c8   0x080023c8   0x0000002a   Code   RO         1185    .text.OLED_ShowString  oled.o
    0x080023f2   0x080023f2   0x00000002   PAD
    0x080023f4   0x080023f4   0x00000076   Code   RO         1175    .text.OLED_WriteCommand  oled.o
    0x0800246a   0x0800246a   0x00000002   PAD
    0x0800246c   0x0800246c   0x00000076   Code   RO         1177    .text.OLED_WriteData  oled.o
    0x080024e2   0x080024e2   0x00000002   PAD
    0x080024e4   0x080024e4   0x00000002   Code   RO          110    .text.PendSV_Handler  stm32f1xx_it.o
    0x080024e6   0x080024e6   0x00000002   PAD
    0x080024e8   0x080024e8   0x00000002   Code   RO          106    .text.SVC_Handler   stm32f1xx_it.o
    0x080024ea   0x080024ea   0x00000002   PAD
    0x080024ec   0x080024ec   0x00000026   Code   RO         1121    .text.Set_left_forward  motor.o
    0x08002512   0x08002512   0x00000002   PAD
    0x08002514   0x08002514   0x00000018   Code   RO         1117    .text.Set_left_pwm  motor.o
    0x0800252c   0x0800252c   0x00000026   Code   RO         1125    .text.Set_right_forward  motor.o
    0x08002552   0x08002552   0x00000002   PAD
    0x08002554   0x08002554   0x00000018   Code   RO         1119    .text.Set_right_pwm  motor.o
    0x0800256c   0x0800256c   0x00000034   Code   RO         1137    .text.Speed_Encoder_Init  speed_encoder.o
    0x080025a0   0x080025a0   0x00000034   Code   RO         1139    .text.Speed_Encoder_Update  speed_encoder.o
    0x080025d4   0x080025d4   0x00000058   Code   RO         1143    .text.Speed_Process  speed_encoder.o
    0x0800262c   0x0800262c   0x00000004   Code   RO          112    .text.SysTick_Handler  stm32f1xx_it.o
    0x08002630   0x08002630   0x00000002   Code   RO         1061    .text.SystemInit    system_stm32f1xx.o
    0x08002632   0x08002632   0x00000002   PAD
    0x08002634   0x08002634   0x0000000c   Code   RO         1020    .text.UART_DMAAbortOnError  stm32f1xx_hal_uart.o
    0x08002640   0x08002640   0x000000fa   Code   RO         1018    .text.UART_Receive_IT  stm32f1xx_hal_uart.o
    0x0800273a   0x0800273a   0x00000002   PAD
    0x0800273c   0x0800273c   0x0000000c   Code   RO          114    .text.USART1_IRQHandler  stm32f1xx_it.o
    0x08002748   0x08002748   0x00000002   Code   RO          104    .text.UsageFault_Handler  stm32f1xx_it.o
    0x0800274a   0x0800274a   0x00000002   PAD
    0x0800274c   0x0800274c   0x00000162   Code   RO         1079    .text.get_error     track.o
    0x080028ae   0x080028ae   0x00000002   PAD
    0x080028b0   0x080028b0   0x0000054e   Code   RO         1083    .text.line_tracking  track.o
    0x08002dfe   0x08002dfe   0x00000002   PAD
    0x08002e00   0x08002e00   0x000000f4   Code   RO           11    .text.main          main.o
    0x08002ef4   0x08002ef4   0x00000028   Code   RO         1312    i.__ARM_fpclassify  m_ws.l(fpclassify.o)
    0x08002f1c   0x08002f1c   0x000000aa   Code   RO         1314    i.__kernel_poly     m_ws.l(poly.o)
    0x08002fc6   0x08002fc6   0x00000006   Code   RO         1299    i.__mathlib_dbl_infnan  m_ws.l(dunder.o)
    0x08002fcc   0x08002fcc   0x0000000e   Code   RO         1302    i.__mathlib_dbl_overflow  m_ws.l(dunder.o)
    0x08002fda   0x08002fda   0x00000002   PAD
    0x08002fdc   0x08002fdc   0x00000010   Code   RO         1304    i.__mathlib_dbl_underflow  m_ws.l(dunder.o)
    0x08002fec   0x08002fec   0x00000284   Code   RO         1253    i.exp               m_ws.l(exp.o)
    0x08003270   0x08003270   0x00000062   Code   RO         1214    x$fpl$d2f           fz_ws.l(d2f.o)
    0x080032d2   0x080032d2   0x00000002   PAD
    0x080032d4   0x080032d4   0x00000150   Code   RO         1216    x$fpl$dadd          fz_ws.l(daddsub_clz.o)
    0x08003424   0x08003424   0x00000010   Code   RO         1337    x$fpl$dcheck1       fz_ws.l(dcheck1.o)
    0x08003434   0x08003434   0x00000018   Code   RO         1339    x$fpl$dcmpinf       fz_ws.l(dcmpi.o)
    0x0800344c   0x0800344c   0x000002b0   Code   RO         1223    x$fpl$ddiv          fz_ws.l(ddiv.o)
    0x080036fc   0x080036fc   0x0000005e   Code   RO         1265    x$fpl$dfix          fz_ws.l(dfix.o)
    0x0800375a   0x0800375a   0x0000002e   Code   RO         1270    x$fpl$dflt          fz_ws.l(dflt_clz.o)
    0x08003788   0x08003788   0x00000078   Code   RO         1275    x$fpl$dleqf         fz_ws.l(dleqf.o)
    0x08003800   0x08003800   0x00000154   Code   RO         1277    x$fpl$dmul          fz_ws.l(dmul.o)
    0x08003954   0x08003954   0x0000009c   Code   RO         1279    x$fpl$dnaninf       fz_ws.l(dnaninf.o)
    0x080039f0   0x080039f0   0x0000000c   Code   RO         1281    x$fpl$dretinf       fz_ws.l(dretinf.o)
    0x080039fc   0x080039fc   0x0000006c   Code   RO         1283    x$fpl$drleqf        fz_ws.l(drleqf.o)
    0x08003a68   0x08003a68   0x00000016   Code   RO         1217    x$fpl$drsb          fz_ws.l(daddsub_clz.o)
    0x08003a7e   0x08003a7e   0x00000002   PAD
    0x08003a80   0x08003a80   0x000001d4   Code   RO         1218    x$fpl$dsub          fz_ws.l(daddsub_clz.o)
    0x08003c54   0x08003c54   0x00000056   Code   RO         1226    x$fpl$f2d           fz_ws.l(f2d.o)
    0x08003caa   0x08003caa   0x00000002   PAD
    0x08003cac   0x08003cac   0x000000c4   Code   RO         1228    x$fpl$fadd          fz_ws.l(faddsub_clz.o)
    0x08003d70   0x08003d70   0x00000054   Code   RO         1234    x$fpl$fcmp          fz_ws.l(fcmp.o)
    0x08003dc4   0x08003dc4   0x00000018   Code   RO         1341    x$fpl$fcmpinf       fz_ws.l(fcmpi.o)
    0x08003ddc   0x08003ddc   0x00000184   Code   RO         1237    x$fpl$fdiv          fz_ws.l(fdiv.o)
    0x08003f60   0x08003f60   0x00000068   Code   RO         1285    x$fpl$feqf          fz_ws.l(feqf.o)
    0x08003fc8   0x08003fc8   0x00000036   Code   RO         1240    x$fpl$ffix          fz_ws.l(ffix.o)
    0x08003ffe   0x08003ffe   0x00000002   PAD
    0x08004000   0x08004000   0x00000030   Code   RO         1245    x$fpl$fflt          fz_ws.l(fflt_clz.o)
    0x08004030   0x08004030   0x00000026   Code   RO         1244    x$fpl$ffltu         fz_ws.l(fflt_clz.o)
    0x08004056   0x08004056   0x00000002   PAD
    0x08004058   0x08004058   0x00000068   Code   RO         1287    x$fpl$fgeqf         fz_ws.l(fgeqf.o)
    0x080040c0   0x080040c0   0x00000068   Code   RO         1289    x$fpl$fleqf         fz_ws.l(fleqf.o)
    0x08004128   0x08004128   0x00000102   Code   RO         1250    x$fpl$fmul          fz_ws.l(fmul.o)
    0x0800422a   0x0800422a   0x0000008c   Code   RO         1291    x$fpl$fnaninf       fz_ws.l(fnaninf.o)
    0x080042b6   0x080042b6   0x0000000a   Code   RO         1293    x$fpl$fretinf       fz_ws.l(fretinf.o)
    0x080042c0   0x080042c0   0x000000ea   Code   RO         1230    x$fpl$fsub          fz_ws.l(faddsub_clz.o)
    0x080043aa   0x080043aa   0x00000064   Code   RO         1356    x$fpl$retnan        fz_ws.l(retnan.o)
    0x0800440e   0x0800440e   0x0000005c   Code   RO         1295    x$fpl$scalbn        fz_ws.l(scalbn.o)
    0x0800446a   0x0800446a   0x00000030   Code   RO         1405    x$fpl$trapveneer    fz_ws.l(trapv.o)
    0x0800449a   0x0800449a   0x00000000   Code   RO         1297    x$fpl$usenofp       fz_ws.l(usenofp.o)
    0x0800449a   0x0800449a   0x00000006   PAD
    0x080044a0   0x080044a0   0x00000058   Data   RO         1254    .constdata          m_ws.l(exp.o)
    0x080044f8   0x080044f8   0x00000010   Data   RO         1066    .rodata.AHBPrescTable  system_stm32f1xx.o
    0x08004508   0x08004508   0x00000002   Data   RO          366    .rodata.HAL_RCC_GetSysClockFreq.aPredivFactorTable  stm32f1xx_hal_rcc.o
    0x0800450a   0x0800450a   0x000005f0   Data   RO         1199    .rodata.OLED_F8x16  oled.o
    0x08004afa   0x08004afa   0x00000010   Data   RO          365    .rodata.cst16       stm32f1xx_hal_rcc.o
    0x08004b0a   0x08004b0a   0x00000002   PAD
    0x08004b0c   0x08004b0c   0x00000020   Data   RO         1491    Region$$Table       anon$$obj.o


    Execution Region RW_IRAM1 (Exec base: 0x20000000, Load base: 0x08004b30, Size: 0x00000818, Max: 0x00005000, ABSOLUTE)

    Exec Addr    Load Addr    Size         Type   Attr      Idx    E Section Name        Object

    0x20000000   0x08004b30   0x00000008   Data   RW          327    .data..L_MergedGlobals  stm32f1xx_hal.o
    0x20000008   0x08004b38   0x00000020   Data   RW         1090    .data.SENSOR_PORTS  track.o
    0x20000028   0x08004b58   0x00000004   Data   RW         1065    .data.SystemCoreClock  system_stm32f1xx.o
    0x2000002c   0x08004b5c   0x00000018   Data   RW         1146    .data.g_speed_encoder  speed_encoder.o
    0x20000044   0x08004b74   0x00000004   PAD
    0x20000048        -       0x00000060   Zero   RW         1344    .bss                c_w.l(libspace.o)
    0x200000a8        -       0x0000002c   Zero   RW         1107    .bss..L_MergedGlobals  track.o
    0x200000d4        -       0x0000001b   Zero   RW         1158    .bss..L_MergedGlobals  jy61p.o
    0x200000ef        -       0x00000001   Zero   RW         1145    .bss.g_speed_encoder_state  speed_encoder.o
    0x200000f0        -       0x00000048   Zero   RW           68    .bss.htim2          tim.o
    0x20000138        -       0x00000048   Zero   RW           69    .bss.htim3          tim.o
    0x20000180        -       0x00000048   Zero   RW           70    .bss.htim4          tim.o
    0x200001c8        -       0x00000048   Zero   RW           86    .bss.huart1         usart.o
    0x20000210        -       0x00000004   Zero   RW          326    .bss.uwTick         stm32f1xx_hal.o
    0x20000214   0x08004b74   0x00000004   PAD
    0x20000218        -       0x00000200   Zero   RW            2    HEAP                startup_stm32f103xb.o
    0x20000418        -       0x00000400   Zero   RW            1    STACK               startup_stm32f103xb.o


==============================================================================

Image component sizes


      Code (inc. data)   RO Data    RW Data    ZI Data      Debug   Object Name

       158          0          0          0          0       1518   gpio.o
         0          0          0          0         27       1239   jy61p.o
       254         12          0          0          0       1874   main.o
       124          0          0          0          0       1472   motor.o
      1568          0       1520          0          0       8413   oled.o
       192          0          0         24          1       4390   speed_encoder.o
        64         26        236          0       1536        772   startup_stm32f103xb.o
       188          0          0          8          4       5663   stm32f1xx_hal.o
       162          0          0          0          0       8003   stm32f1xx_hal_cortex.o
       244          0          0          0          0       7982   stm32f1xx_hal_dma.o
       556         20          0          0          0       4555   stm32f1xx_hal_gpio.o
        66          0          0          0          0       1169   stm32f1xx_hal_msp.o
      1374          0         18          0          0       7463   stm32f1xx_hal_rcc.o
      2164          4          0          0          0      52060   stm32f1xx_hal_tim.o
       126          0          0          0          0      19285   stm32f1xx_hal_tim_ex.o
      1690          0          0          0          0      30222   stm32f1xx_hal_uart.o
        32          0          0          0          0       1079   stm32f1xx_it.o
         2          0         16          4          0       1540   system_stm32f1xx.o
       710          0          0          0        216       6764   tim.o
      1712          0          0         32         44       5633   track.o
         0          0          0          0         72       5095   usart.o

    ----------------------------------------------------------------------
     11476         62       1824         68       1908     176191   Object Totals
         0          0         32          0          0          0   (incl. Generated)
        90          0          2          0          8          0   (incl. Padding)

    ----------------------------------------------------------------------

      Code (inc. data)   RO Data    RW Data    ZI Data      Debug   Library Member Name

         8          0          0          0          0         68   __main.o
         0          0          0          0          0          0   __rtentry.o
        12          0          0          0          0          0   __rtentry2.o
         6          0          0          0          0          0   __rtentry4.o
        52          8          0          0          0          0   __scatter.o
        26          0          0          0          0          0   __scatter_copy.o
        28          0          0          0          0          0   __scatter_zi.o
        22          0          0          0          0        100   _rserrno.o
        18          0          0          0          0         80   exit.o
         6          0          0          0          0        152   heapauxi.o
         0          0          0          0          0          0   indicate_semi.o
         2          0          0          0          0          0   libinit.o
         2          0          0          0          0          0   libinit2.o
         2          0          0          0          0          0   libshutdown.o
         2          0          0          0          0          0   libshutdown2.o
         8          4          0          0         96         68   libspace.o
         8          4          0          0          0         68   rt_errno_addr_intlibspace.o
         2          0          0          0          0          0   rtexit.o
        10          0          0          0          0          0   rtexit2.o
        12          4          0          0          0         68   sys_exit.o
        74          0          0          0          0         80   sys_stackheap_outer.o
         2          0          0          0          0         68   use_no_semi.o
        98          4          0          0          0         92   d2f.o
       826         16          0          0          0        356   daddsub_clz.o
        16          4          0          0          0         68   dcheck1.o
        24          0          0          0          0         68   dcmpi.o
       688        140          0          0          0        216   ddiv.o
        94          4          0          0          0         92   dfix.o
        46          0          0          0          0         68   dflt_clz.o
       120          4          0          0          0         92   dleqf.o
       340         12          0          0          0        104   dmul.o
       156          4          0          0          0         92   dnaninf.o
        12          0          0          0          0         68   dretinf.o
       108          0          0          0          0         80   drleqf.o
        86          4          0          0          0         84   f2d.o
       430          8          0          0          0        168   faddsub_clz.o
        84          0          0          0          0        196   fcmp.o
        24          0          0          0          0         68   fcmpi.o
       388         76          0          0          0         96   fdiv.o
       104          4          0          0          0         84   feqf.o
        54          4          0          0          0         84   ffix.o
        86          0          0          0          0        136   fflt_clz.o
       104          4          0          0          0         84   fgeqf.o
       104          4          0          0          0         84   fleqf.o
       258          4          0          0          0         84   fmul.o
       140          4          0          0          0         84   fnaninf.o
        10          0          0          0          0         68   fretinf.o
       100          0          0          0          0         68   retnan.o
        92          0          0          0          0         68   scalbn.o
        48          0          0          0          0         68   trapv.o
         0          0          0          0          0          0   usenofp.o
        36          6          0          0          0        204   dunder.o
       644         90         88          0          0        204   exp.o
        40          0          0          0          0         68   fpclassify.o
       170          0          0          0          0         96   poly.o

    ----------------------------------------------------------------------
      5856        416         88          0         96       4244   Library Totals
        24          0          0          0          0          0   (incl. Padding)

    ----------------------------------------------------------------------

      Code (inc. data)   RO Data    RW Data    ZI Data      Debug   Library Name

       302         20          0          0         96        752   c_w.l
      4640        300          0          0          0       2920   fz_ws.l
       890         96         88          0          0        572   m_ws.l

    ----------------------------------------------------------------------
      5856        416         88          0         96       4244   Library Totals

    ----------------------------------------------------------------------

==============================================================================


      Code (inc. data)   RO Data    RW Data    ZI Data      Debug   

     17332        478       1912         68       2004     177975   Grand Totals
     17332        478       1912         68       2004     177975   ELF Image Totals
     17332        478       1912         68          0          0   ROM Totals

==============================================================================

    Total RO  Size (Code + RO Data)                19244 (  18.79kB)
    Total RW  Size (RW Data + ZI Data)              2072 (   2.02kB)
    Total ROM Size (Code + RO Data + RW Data)      19312 (  18.86kB)

==============================================================================

